 SapClassGui83D.NET_2010

 Timestamp is 5b7a2c26 (Mon Aug 20 10:49:10 2018)

 Preferred load address is 67d80000

 Start         Length     Name                   Class
 0001:00000000 0003f37cH .text                   CODE
 0001:0003f380 00003992H .text$x                 CODE
 0001:00042d20 000005f8H .text$yc                CODE
 0001:00043320 00000051H .text$yd                CODE
 0002:00000000 00000e38H .idata$5                DATA
 0002:00000e38 00000004H .CRT$XCA                DATA
 0002:00000e3c 0000000cH .CRT$XCC                DATA
 0002:00000e48 0000006cH .CRT$XCL                DATA
 0002:00000eb4 0000000cH .CRT$XCU                DATA
 0002:00000ec0 00000004H .CRT$XCZ                DATA
 0002:00000ec4 00000004H .CRT$XIA                DATA
 0002:00000ec8 00000004H .CRT$XIAA               DATA
 0002:00000ecc 00000004H .CRT$XIC                DATA
 0002:00000ed0 00000004H .CRT$XIZ                DATA
 0002:00000ee0 00009b58H .rdata                  DATA
 0002:0000aa38 00000073H .rdata$debug            DATA
 0002:0000aaac 00001308H .rdata$r                DATA
 0002:0000bdc0 000002a0H .rdata$sxdata           DATA
 0002:0000c060 00000004H .rtc$IAA                DATA
 0002:0000c064 00000084H .rtc$IMZ                DATA
 0002:0000c0e8 00000004H .rtc$IZZ                DATA
 0002:0000c0ec 00000004H .rtc$TAA                DATA
 0002:0000c0f0 00000084H .rtc$TMZ                DATA
 0002:0000c174 00000004H .rtc$TZZ                DATA
 0002:0000c178 00002b0cH .xdata$x                DATA
 0002:0000ec84 00000004H ATL$__a                 DATA
 0002:0000ec88 00000004H ATL$__z                 DATA
 0002:0000ec8c 000000c8H .idata$2                DATA
 0002:0000ed54 00000014H .idata$3                DATA
 0002:0000ed68 00000e38H .idata$4                DATA
 0002:0000fba0 00004bc8H .idata$6                DATA
 0002:00014770 000083c9H .edata                  DATA
 0003:00000000 000011d8H .data                   DATA
 0003:000011d8 000004b4H .bss                    DATA
 0004:00000000 000008e0H .rsrc$01                DATA
 0004:000008e0 00019a80H .rsrc$02                DATA

  Address         Publics by Value              Rva+Base       Lib:Object

 0000:00000000       __except_list              00000000     <absolute>
 0000:000000a8       ___safe_se_handler_count   000000a8     <absolute>
 0000:00009876       __ldused                   00009876     <absolute>
 0000:00009876       __fltused                  00009876     <absolute>
 0000:00000000       ___ImageBase               67d80000     <linker-defined>
 0001:00000000       ??0CAbortDlg@@QAE@PAVCWnd@@PAVSapTransfer@@H@Z 67d81000 f   AbortDlg.obj
 0001:00000070       ?DoDataExchange@CAbortDlg@@MAEXPAVCDataExchange@@@Z 67d81070 f   AbortDlg.obj
 0001:000000a0       ?GetMessageMap@CAbortDlg@@MBEPBUAFX_MSGMAP@@XZ 67d810a0 f   AbortDlg.obj
 0001:000000d0       ?GetThisMessageMap@CAbortDlg@@KGPBUAFX_MSGMAP@@XZ 67d810d0 f   AbortDlg.obj
 0001:000000e0       ?OnInitDialog@CAbortDlg@@MAEHXZ 67d810e0 f   AbortDlg.obj
 0001:000001c0       ?OnAbort@CAbortDlg@@IAEXXZ 67d811c0 f   AbortDlg.obj
 0001:000001f0       ?OnTimer@CAbortDlg@@IAEXI@Z 67d811f0 f   AbortDlg.obj
 0001:000002d0       ??_GCAbortDlg@@UAEPAXI@Z   67d812d0 f i AbortDlg.obj
 0001:00000310       ??1CAbortDlg@@UAE@XZ       67d81310 f i AbortDlg.obj
 0001:00000340       ??_ECAbortDlg@@UAEPAXI@Z   67d81340 f i AbortDlg.obj
 0001:000003c0       ??0CAcqConfigDlg@@QAE@PAVCWnd@@W4ServerCategory@0@@Z 67d813c0 f   AcqConfigDlg.obj
 0001:00000570       ??0CAcqConfigDlg@@QAE@PAVCWnd@@VSapLocation@@PBDW4ServerCategory@0@@Z 67d81570 f   AcqConfigDlg.obj
 0001:00000830       ??0CAcqConfigDlg@@QAE@PAVCWnd@@PAVSapAcquisition@@PBD@Z 67d81830 f   AcqConfigDlg.obj
 0001:00000b90       ?GetLocation@CAcqConfigDlg@@QAE?AVSapLocation@@XZ 67d81b90 f   AcqConfigDlg.obj
 0001:00000c80       ?UpdateAcquisition@CAcqConfigDlg@@IAEHXZ 67d81c80 f   AcqConfigDlg.obj
 0001:00000e40       ?LoadSettings@CAcqConfigDlg@@IAEXXZ 67d81e40 f   AcqConfigDlg.obj
 0001:00001220       ?SaveSettings@CAcqConfigDlg@@IAEXXZ 67d82220 f   AcqConfigDlg.obj
 0001:00001420       ?DoDataExchange@CAcqConfigDlg@@MAEXPAVCDataExchange@@@Z 67d82420 f   AcqConfigDlg.obj
 0001:000014e0       ?GetMessageMap@CAcqConfigDlg@@MBEPBUAFX_MSGMAP@@XZ 67d824e0 f   AcqConfigDlg.obj
 0001:00001510       ?GetThisMessageMap@CAcqConfigDlg@@KGPBUAFX_MSGMAP@@XZ 67d82510 f   AcqConfigDlg.obj
 0001:00001520       ?OnInitDialog@CAcqConfigDlg@@MAEHXZ 67d82520 f   AcqConfigDlg.obj
 0001:00001650       ?InitServerCombo@CAcqConfigDlg@@IAEXXZ 67d82650 f   AcqConfigDlg.obj
 0001:00001a00       ?InitResourceCombo@CAcqConfigDlg@@IAEXXZ 67d82a00 f   AcqConfigDlg.obj
 0001:00002080       ?OnConfigBrowse@CAcqConfigDlg@@IAEXXZ 67d83080 f   AcqConfigDlg.obj
 0001:00002340       ?SplitConfigFilePath@CAcqConfigDlg@@IAEXXZ 67d83340 f   AcqConfigDlg.obj
 0001:000024d0       ?UpdateDescription@CAcqConfigDlg@@IAEXXZ 67d834d0 f   AcqConfigDlg.obj
 0001:00002a00       ?UpdateMenu@CAcqConfigDlg@@IAEXXZ 67d83a00 f   AcqConfigDlg.obj
 0001:00002b30       ?ValidateCCFAgainstServerName@CAcqConfigDlg@@IAE_N_N@Z 67d83b30 f   AcqConfigDlg.obj
 0001:00002de0       ?OnOK@CAcqConfigDlg@@MAEXXZ 67d83de0 f   AcqConfigDlg.obj
 0001:00002f10       ?OnSelchangeComboServer@CAcqConfigDlg@@IAEXXZ 67d83f10 f   AcqConfigDlg.obj
 0001:00002f50       ?OnSelchangeComboResource@CAcqConfigDlg@@IAEXXZ 67d83f50 f   AcqConfigDlg.obj
 0001:00002f80       ?OnBnClickedConfigFileCheck@CAcqConfigDlg@@IAEXXZ 67d83f80 f   AcqConfigDlg.obj
 0001:00002fb0       ?GetConfigFile@CAcqConfigDlg@@QAEPBDXZ 67d83fb0 f   AcqConfigDlg.obj
 0001:000031b0       ?strstr@@YAPADPADPBD@Z     67d841b0 f i AcqConfigDlg.obj
 0001:000031e0       ?strrchr@@YAPADPADH@Z      67d841e0 f i AcqConfigDlg.obj
 0001:00003210       ??HATL@@YA?AV?$CStringT@DV?$StrTraitMFC_DLL@DV?$ChTraitsCRT@D@ATL@@@@@0@ABV10@0@Z 67d84210 f i AcqConfigDlg.obj
 0001:00003370       ??_ECAcqConfigDlg@@WJE@AEPAXI@Z 67d84370 f i AcqConfigDlg.obj
 0001:00003380       ?StringCbCopyA@@YGJPADIPBD@Z 67d84380 f i AcqConfigDlg.obj
 0001:000033f0       ?StringCbPrintfA@@YAJPADIPBDZZ 67d843f0 f i AcqConfigDlg.obj
 0001:00003470       ??_GCAcqConfigDlg@@UAEPAXI@Z 67d84470 f i AcqConfigDlg.obj
 0001:000034b0       ??1CAcqConfigDlg@@UAE@XZ   67d844b0 f i AcqConfigDlg.obj
 0001:000035e0       ??_ECAcqConfigDlg@@UAEPAXI@Z 67d845e0 f i AcqConfigDlg.obj
 0001:00003660       ??0CAcqDlg@@QAE@PAVCWnd@@PAVSapAcquisition@@@Z 67d84660 f   AcqDlg.obj
 0001:00003720       ?DoDataExchange@CAcqDlg@@MAEXPAVCDataExchange@@@Z 67d84720 f   AcqDlg.obj
 0001:00003780       ?GetMessageMap@CAcqDlg@@MBEPBUAFX_MSGMAP@@XZ 67d84780 f   AcqDlg.obj
 0001:000037b0       ?GetThisMessageMap@CAcqDlg@@KGPBUAFX_MSGMAP@@XZ 67d847b0 f   AcqDlg.obj
 0001:000037c0       ?OnOK@CAcqDlg@@MAEXXZ      67d847c0 f   AcqDlg.obj
 0001:00003a30       ?OnInitDialog@CAcqDlg@@MAEHXZ 67d84a30 f   AcqDlg.obj
 0001:00004360       ?UpdateWindow@CAcqDlg@@IAEXXZ 67d85360 f   AcqDlg.obj
 0001:00004490       ?OnExternalTriggerEnable@CAcqDlg@@IAEXXZ 67d85490 f   AcqDlg.obj
 0001:000045c0       ??_ECAcqDlg@@WJE@AEPAXI@Z  67d855c0 f i AcqDlg.obj
 0001:000045d0       ??_GCAcqDlg@@UAEPAXI@Z     67d855d0 f i AcqDlg.obj
 0001:00004610       ??1CAcqDlg@@UAE@XZ         67d85610 f i AcqDlg.obj
 0001:00004690       ??_ECAcqDlg@@UAEPAXI@Z     67d85690 f i AcqDlg.obj
 0001:00004710       ??0CAScanDlg@@QAE@PAVCWnd@@PAVSapAcquisition@@@Z 67d85710 f   AScanDlg.obj
 0001:00004800       ?DoDataExchange@CAScanDlg@@MAEXPAVCDataExchange@@@Z 67d85800 f   AScanDlg.obj
 0001:00004890       ?GetMessageMap@CAScanDlg@@MBEPBUAFX_MSGMAP@@XZ 67d85890 f   AScanDlg.obj
 0001:000048c0       ?GetThisMessageMap@CAScanDlg@@KGPBUAFX_MSGMAP@@XZ 67d858c0 f   AScanDlg.obj
 0001:000048d0       ?OnOK@CAScanDlg@@MAEXXZ    67d858d0 f   AScanDlg.obj
 0001:00004d50       ?OnInitDialog@CAScanDlg@@MAEHXZ 67d85d50 f   AScanDlg.obj
 0001:00005730       ?UpdateWindow@CAScanDlg@@IAEXXZ 67d86730 f   AScanDlg.obj
 0001:00005880       ?OnCamTriggerEnable@CAScanDlg@@IAEXXZ 67d86880 f   AScanDlg.obj
 0001:000058b0       ?OnCamResetEnable@CAScanDlg@@IAEXXZ 67d868b0 f   AScanDlg.obj
 0001:000058e0       ?OnTimeIntegrate@CAScanDlg@@IAEXXZ 67d868e0 f   AScanDlg.obj
 0001:00005910       ?OnKillfocusEditTime@CAScanDlg@@IAEXXZ 67d86910 f   AScanDlg.obj
 0001:00005950       ?OnFrameIntegrate@CAScanDlg@@IAEXXZ 67d86950 f   AScanDlg.obj
 0001:00005980       ?OnKillfocusEditFrame@CAScanDlg@@IAEXXZ 67d86980 f   AScanDlg.obj
 0001:000059c0       ?OnVScroll@CAScanDlg@@IAEXIIPAVCScrollBar@@@Z 67d869c0 f   AScanDlg.obj
 0001:00005af0       ?VerifyTimeIntegrateDuration@CAScanDlg@@IAEXH@Z 67d86af0 f   AScanDlg.obj
 0001:00005d00       ?VerifyFrameIntegrateCount@CAScanDlg@@IAEXXZ 67d86d00 f   AScanDlg.obj
 0001:00005f90       ??_ECAScanDlg@@WJE@AEPAXI@Z 67d86f90 f i AScanDlg.obj
 0001:00005fa0       ??_GCAScanDlg@@UAEPAXI@Z   67d86fa0 f i AScanDlg.obj
 0001:00005fe0       ??1CAScanDlg@@UAE@XZ       67d86fe0 f i AScanDlg.obj
 0001:00006080       ??_ECAScanDlg@@UAEPAXI@Z   67d87080 f i AScanDlg.obj
 0001:00006100       ??0CAviFileDlg@@QAE@PAVCWnd@@HHHH@Z 67d87100 f   AviFileDlg.obj
 0001:00006250       ?DoDataExchange@CAviFileDlg@@MAEXPAVCDataExchange@@@Z 67d87250 f   AviFileDlg.obj
 0001:000062e0       ?GetMessageMap@CAviFileDlg@@MBEPBUAFX_MSGMAP@@XZ 67d872e0 f   AviFileDlg.obj
 0001:00006310       ?GetThisMessageMap@CAviFileDlg@@KGPBUAFX_MSGMAP@@XZ 67d87310 f   AviFileDlg.obj
 0001:00006320       ?OnVScroll@CAviFileDlg@@IAEXIIPAVCScrollBar@@@Z 67d87320 f   AviFileDlg.obj
 0001:00006440       ?OnUpdateAviEditFirstFrame@CAviFileDlg@@IAEXXZ 67d87440 f   AviFileDlg.obj
 0001:00006470       ?OnUpdateAviEditCompressionLevel@CAviFileDlg@@IAEXXZ 67d87470 f   AviFileDlg.obj
 0001:000064a0       ?OnInitDialog@CAviFileDlg@@MAEHXZ 67d874a0 f   AviFileDlg.obj
 0001:00006580       ?OnOK@CAviFileDlg@@MAEXXZ  67d87580 f   AviFileDlg.obj
 0001:00006660       ??_ECAviFileDlg@@UAEPAXI@Z 67d87660 f i AviFileDlg.obj
 0001:00006660       ??_GCAviFileDlg@@UAEPAXI@Z 67d87660 f i AviFileDlg.obj
 0001:000066a0       ??1CAviFileDlg@@UAE@XZ     67d876a0 f i AviFileDlg.obj
 0001:000066d0       ??0CBayerOptionsDlg@@QAE@PAVCWnd@@PAVSapBayer@@PAVSapTransfer@@PAVCImageWnd@@PAVSapProcessing@@@Z 67d876d0 f   BayerDlg.obj
 0001:000067e0       ??1CBayerOptionsDlg@@UAE@XZ 67d877e0 f   BayerDlg.obj
 0001:00006870       ?DoDataExchange@CBayerOptionsDlg@@MAEXPAVCDataExchange@@@Z 67d87870 f   BayerDlg.obj
 0001:00006940       ?GetMessageMap@CBayerOptionsDlg@@MBEPBUAFX_MSGMAP@@XZ 67d87940 f   BayerDlg.obj
 0001:00006970       ?GetThisMessageMap@CBayerOptionsDlg@@KGPBUAFX_MSGMAP@@XZ 67d87970 f   BayerDlg.obj
 0001:00006980       ?OnInitDialog@CBayerOptionsDlg@@MAEHXZ 67d87980 f   BayerDlg.obj
 0001:000069e0       ?UpdateInterface@CBayerOptionsDlg@@QAEXXZ 67d879e0 f   BayerDlg.obj
 0001:00006df0       ?OnChange@CBayerOptionsDlg@@IAEXXZ 67d87df0 f   BayerDlg.obj
 0001:00006e30       ?OnGammaEnable@CBayerOptionsDlg@@IAEXXZ 67d87e30 f   BayerDlg.obj
 0001:00006ed0       ?OnChangeRange@CBayerOptionsDlg@@IAEXI@Z 67d87ed0 f   BayerDlg.obj
 0001:00006f00       ?OnAutoWhiteBalance@CBayerOptionsDlg@@IAEXXZ 67d87f00 f   BayerDlg.obj
 0001:00007080       ?OnApply@CBayerOptionsDlg@@IAEXXZ 67d88080 f   BayerDlg.obj
 0001:00007300       ?OnShowWindow@CBayerOptionsDlg@@IAEXHI@Z 67d88300 f   BayerDlg.obj
 0001:00007370       ?UpdateView@CBayerOptionsDlg@@IAEXXZ 67d88370 f   BayerDlg.obj
 0001:000074d0       ?OnClose@CBayerOptionsDlg@@IAEXXZ 67d884d0 f   BayerDlg.obj
 0001:00007530       ??_ECBayerOptionsDlg@@WJE@AEPAXI@Z 67d88530 f i BayerDlg.obj
 0001:00007540       ?IsRoiTrackerActive@CImageWnd@@QAEHXZ 67d88540 f i BayerDlg.obj
 0001:00007560       ??_GCBayerOptionsDlg@@UAEPAXI@Z 67d88560 f i BayerDlg.obj
 0001:000075a0       ??_ECBayerOptionsDlg@@UAEPAXI@Z 67d885a0 f i BayerDlg.obj
 0001:00007620       ??0CBrowseDirDlg@@QAE@PBD@Z 67d88620 f   BrowseDirDlg.obj
 0001:000076b0       ?DoModal@CBrowseDirDlg@@QAEHXZ 67d886b0 f   BrowseDirDlg.obj
 0001:00007b60       ?BrowseHookProc@CBrowseDirDlg@@KGIPAUHWND__@@IIJ@Z 67d88b60 f   BrowseDirDlg.obj
 0001:00007ca0       ??HATL@@YA?AV?$CStringT@DV?$StrTraitMFC_DLL@DV?$ChTraitsCRT@D@ATL@@@@@0@ABV10@D@Z 67d88ca0 f i BrowseDirDlg.obj
 0001:00007e00       ??0CBufDlg@@QAE@PAVCWnd@@PAVSapBuffer@@PAVSapDisplay@@@Z 67d88e00 f   BufDlg.obj
 0001:00008150       ?UpdateBuffer@CBufDlg@@IAEHXZ 67d89150 f   BufDlg.obj
 0001:000082e0       ?DoDataExchange@CBufDlg@@MAEXPAVCDataExchange@@@Z 67d892e0 f   BufDlg.obj
 0001:000083a0       ?GetMessageMap@CBufDlg@@MBEPBUAFX_MSGMAP@@XZ 67d893a0 f   BufDlg.obj
 0001:000083d0       ?GetThisMessageMap@CBufDlg@@KGPBUAFX_MSGMAP@@XZ 67d893d0 f   BufDlg.obj
 0001:000083e0       ?OnInitDialog@CBufDlg@@MAEHXZ 67d893e0 f   BufDlg.obj
 0001:00008520       ?OnSelchangeComboFormat@CBufDlg@@IAEXXZ 67d89520 f   BufDlg.obj
 0001:000085c0       ?OnOK@CBufDlg@@MAEXXZ      67d895c0 f   BufDlg.obj
 0001:00008600       ?EnableControls@CBufDlg@@IAEXXZ 67d89600 f   BufDlg.obj
 0001:00008700       ??_GCBufDlg@@UAEPAXI@Z     67d89700 f i BufDlg.obj
 0001:00008740       ??1CBufDlg@@UAE@XZ         67d89740 f i BufDlg.obj
 0001:000087f0       ??_ECBufDlg@@UAEPAXI@Z     67d897f0 f i BufDlg.obj
 0001:00008870       ??0CCabDlg@@QAE@PAVCWnd@@PAVSapCab@@PAVSapXferNode@@H@Z 67d89870 f   CabDlg.obj
 0001:00008af0       ??1CCabDlg@@UAE@XZ         67d89af0 f   CabDlg.obj
 0001:00008c00       ?DoDataExchange@CCabDlg@@MAEXPAVCDataExchange@@@Z 67d89c00 f   CabDlg.obj
 0001:00008ca0       ?GetMessageMap@CCabDlg@@MBEPBUAFX_MSGMAP@@XZ 67d89ca0 f   CabDlg.obj
 0001:00008cd0       ?GetThisMessageMap@CCabDlg@@KGPBUAFX_MSGMAP@@XZ 67d89cd0 f   CabDlg.obj
 0001:00008ce0       ?EnableControls@CCabDlg@@QAEXXZ 67d89ce0 f   CabDlg.obj
 0001:00009170       ?OnInitDialog@CCabDlg@@MAEHXZ 67d8a170 f   CabDlg.obj
 0001:000098d0       ?OnOK@CCabDlg@@MAEXXZ      67d8a8d0 f   CabDlg.obj
 0001:00009c60       ?OnCabTransmitter@CCabDlg@@IAEXXZ 67d8ac60 f   CabDlg.obj
 0001:00009ca0       ?OnCabReceiver@CCabDlg@@IAEXXZ 67d8aca0 f   CabDlg.obj
 0001:00009ce0       ?OnSelchangeCabTransferMode@CCabDlg@@IAEXXZ 67d8ace0 f   CabDlg.obj
 0001:00009d10       ?OnSelchangeCabChannelTable@CCabDlg@@IAEXPAUtagNMHDR@@PAJ@Z 67d8ad10 f   CabDlg.obj
 0001:00009d70       ?OnCabChannel0@CCabDlg@@IAEXXZ 67d8ad70 f   CabDlg.obj
 0001:00009da0       ?OnCabChannel1@CCabDlg@@IAEXXZ 67d8ada0 f   CabDlg.obj
 0001:00009dd0       ?OnCabChannel2@CCabDlg@@IAEXXZ 67d8add0 f   CabDlg.obj
 0001:00009e00       ?OnCabChannel3@CCabDlg@@IAEXXZ 67d8ae00 f   CabDlg.obj
 0001:00009e30       ?OnCabChannel4@CCabDlg@@IAEXXZ 67d8ae30 f   CabDlg.obj
 0001:00009e60       ?OnCabChannel5@CCabDlg@@IAEXXZ 67d8ae60 f   CabDlg.obj
 0001:00009e90       ?OnCabChannel6@CCabDlg@@IAEXXZ 67d8ae90 f   CabDlg.obj
 0001:00009ec0       ?OnCabChannel7@CCabDlg@@IAEXXZ 67d8aec0 f   CabDlg.obj
 0001:00009ef0       ?OnCabChannel8@CCabDlg@@IAEXXZ 67d8aef0 f   CabDlg.obj
 0001:00009f20       ?OnCabChannel9@CCabDlg@@IAEXXZ 67d8af20 f   CabDlg.obj
 0001:00009f50       ?OnCabChannel10@CCabDlg@@IAEXXZ 67d8af50 f   CabDlg.obj
 0001:00009f80       ?OnCabChannel11@CCabDlg@@IAEXXZ 67d8af80 f   CabDlg.obj
 0001:00009fb0       ?OnCabChannel12@CCabDlg@@IAEXXZ 67d8afb0 f   CabDlg.obj
 0001:00009fe0       ?OnCabChannel13@CCabDlg@@IAEXXZ 67d8afe0 f   CabDlg.obj
 0001:0000a010       ?OnCabChannel14@CCabDlg@@IAEXXZ 67d8b010 f   CabDlg.obj
 0001:0000a040       ?OnCabChannel15@CCabDlg@@IAEXXZ 67d8b040 f   CabDlg.obj
 0001:0000a070       ?ToggleCabChannel@CCabDlg@@IAEXH@Z 67d8b070 f   CabDlg.obj
 0001:0000a0d0       ?DestroyWindow@CCabDlg@@UAEHXZ 67d8b0d0 f   CabDlg.obj
 0001:0000a140       ??_ESapCab@@UAEPAXI@Z      67d8b140 f i CabDlg.obj
 0001:0000a140       ??_GSapCab@@UAEPAXI@Z      67d8b140 f i CabDlg.obj
 0001:0000a190       ??_ECCabDlg@@WJE@AEPAXI@Z  67d8b190 f i CabDlg.obj
 0001:0000a1a0       ??_GCCabDlg@@UAEPAXI@Z     67d8b1a0 f i CabDlg.obj
 0001:0000a1e0       ??_ECCabDlg@@UAEPAXI@Z     67d8b1e0 f i CabDlg.obj
 0001:0000a260       ??0CCamVicDlg@@QAE@PAVCWnd@@PAVSapAcquisition@@PBD@Z 67d8b260 f   CamVicDlg.obj
 0001:0000a650       ?UpdateAcquisition@CCamVicDlg@@IAEHXZ 67d8b650 f   CamVicDlg.obj
 0001:0000a880       ?LoadSettings@CCamVicDlg@@IAEXXZ 67d8b880 f   CamVicDlg.obj
 0001:0000ab20       ?SaveSettings@CCamVicDlg@@IAEXXZ 67d8bb20 f   CamVicDlg.obj
 0001:0000ac40       ?SetDirectories@CCamVicDlg@@IAEXXZ 67d8bc40 f   CamVicDlg.obj
 0001:0000b250       ?DoDataExchange@CCamVicDlg@@MAEXPAVCDataExchange@@@Z 67d8c250 f   CamVicDlg.obj
 0001:0000b340       ?GetMessageMap@CCamVicDlg@@MBEPBUAFX_MSGMAP@@XZ 67d8c340 f   CamVicDlg.obj
 0001:0000b370       ?GetThisMessageMap@CCamVicDlg@@KGPBUAFX_MSGMAP@@XZ 67d8c370 f   CamVicDlg.obj
 0001:0000b380       ?OnInitDialog@CCamVicDlg@@MAEHXZ 67d8c380 f   CamVicDlg.obj
 0001:0000b400       ?InitServerCombo@CCamVicDlg@@IAEXXZ 67d8c400 f   CamVicDlg.obj
 0001:0000b610       ?InitResourceCombo@CCamVicDlg@@IAEXXZ 67d8c610 f   CamVicDlg.obj
 0001:0000b8c0       ?OnCamBrowse@CCamVicDlg@@IAEXXZ 67d8c8c0 f   CamVicDlg.obj
 0001:0000ba10       ?OnVicBrowse@CCamVicDlg@@IAEXXZ 67d8ca10 f   CamVicDlg.obj
 0001:0000bb60       ?OnKillfocusEditCamPath@CCamVicDlg@@IAEXXZ 67d8cb60 f   CamVicDlg.obj
 0001:0000bc10       ?OnKillfocusEditVicPath@CCamVicDlg@@IAEXXZ 67d8cc10 f   CamVicDlg.obj
 0001:0000bcc0       ?UpdateCurrentDir@CCamVicDlg@@IAEXPADH@Z 67d8ccc0 f   CamVicDlg.obj
 0001:0000bdd0       ?UpdateNames@CCamVicDlg@@IAEXH@Z 67d8cdd0 f   CamVicDlg.obj
 0001:0000c550       ?UpdateBoxAvailability@CCamVicDlg@@IAEXXZ 67d8d550 f   CamVicDlg.obj
 0001:0000c610       ?OnSelchangeComboCamera@CCamVicDlg@@IAEXXZ 67d8d610 f   CamVicDlg.obj
 0001:0000c6a0       ?OnSelchangeComboVic@CCamVicDlg@@IAEXXZ 67d8d6a0 f   CamVicDlg.obj
 0001:0000c730       ?MakeVicAvailable@CCamVicDlg@@IAEHXZ 67d8d730 f   CamVicDlg.obj
 0001:0000c960       ?OnGenerateVic@CCamVicDlg@@IAEXXZ 67d8d960 f   CamVicDlg.obj
 0001:0000d0a0       ?OnOK@CCamVicDlg@@MAEXXZ   67d8e0a0 f   CamVicDlg.obj
 0001:0000d140       ?OnSelchangeComboServer@CCamVicDlg@@IAEXXZ 67d8e140 f   CamVicDlg.obj
 0001:0000d180       ?OnSelchangeComboResource@CCamVicDlg@@IAEXXZ 67d8e180 f   CamVicDlg.obj
 0001:0000d440       ?GetDir@CBrowseDirDlg@@QAE?AV?$CStringT@DV?$StrTraitMFC_DLL@DV?$ChTraitsCRT@D@ATL@@@@@ATL@@XZ 67d8e440 f i CamVicDlg.obj
 0001:0000d4a0       ??1CBrowseDirDlg@@QAE@XZ   67d8e4a0 f i CamVicDlg.obj
 0001:0000d4d0       ??HATL@@YA?AV?$CStringT@DV?$StrTraitMFC_DLL@DV?$ChTraitsCRT@D@ATL@@@@@0@ABV10@PBD@Z 67d8e4d0 f i CamVicDlg.obj
 0001:0000d620       ??_ECCamVicDlg@@WJE@AEPAXI@Z 67d8e620 f i CamVicDlg.obj
 0001:0000d630       ?StringCbCatA@@YGJPADIPBD@Z 67d8e630 f i CamVicDlg.obj
 0001:0000d6e0       ??_GCCamVicDlg@@UAEPAXI@Z  67d8e6e0 f i CamVicDlg.obj
 0001:0000d720       ??1CCamVicDlg@@UAE@XZ      67d8e720 f i CamVicDlg.obj
 0001:0000d860       ??_ECCamVicDlg@@UAEPAXI@Z  67d8e860 f i CamVicDlg.obj
 0001:0000d8e0       ??0CColorConversionOptionsDlg@@QAE@PAVCWnd@@PAVSapColorConversion@@PAVSapTransfer@@PAVCImageWnd@@PAVSapProcessing@@@Z 67d8e8e0 f   ColorConversionDlg.obj
 0001:0000da00       ??1CColorConversionOptionsDlg@@UAE@XZ 67d8ea00 f   ColorConversionDlg.obj
 0001:0000dab0       ?DoDataExchange@CColorConversionOptionsDlg@@MAEXPAVCDataExchange@@@Z 67d8eab0 f   ColorConversionDlg.obj
 0001:0000dba0       ?GetMessageMap@CColorConversionOptionsDlg@@MBEPBUAFX_MSGMAP@@XZ 67d8eba0 f   ColorConversionDlg.obj
 0001:0000dbd0       ?GetThisMessageMap@CColorConversionOptionsDlg@@KGPBUAFX_MSGMAP@@XZ 67d8ebd0 f   ColorConversionDlg.obj
 0001:0000dbe0       ?OnInitDialog@CColorConversionOptionsDlg@@MAEHXZ 67d8ebe0 f   ColorConversionDlg.obj
 0001:0000dc40       ?UpdateInterface@CColorConversionOptionsDlg@@QAEXXZ 67d8ec40 f   ColorConversionDlg.obj
 0001:0000e0d0       ?OnChange@CColorConversionOptionsDlg@@IAEXXZ 67d8f0d0 f   ColorConversionDlg.obj
 0001:0000e120       ?OnChangeNumber@CColorConversionOptionsDlg@@IAEXXZ 67d8f120 f   ColorConversionDlg.obj
 0001:0000e160       ?SetSelectedMethodDescription@CColorConversionOptionsDlg@@IAEXXZ 67d8f160 f   ColorConversionDlg.obj
 0001:0000e230       ?OnGammaEnable@CColorConversionOptionsDlg@@IAEXXZ 67d8f230 f   ColorConversionDlg.obj
 0001:0000e2d0       ?OnChangeRange@CColorConversionOptionsDlg@@IAEXI@Z 67d8f2d0 f   ColorConversionDlg.obj
 0001:0000e300       ?OnAutoWhiteBalance@CColorConversionOptionsDlg@@IAEXXZ 67d8f300 f   ColorConversionDlg.obj
 0001:0000e430       ?OnApply@CColorConversionOptionsDlg@@IAEXXZ 67d8f430 f   ColorConversionDlg.obj
 0001:0000e710       ?OnShowWindow@CColorConversionOptionsDlg@@IAEXHI@Z 67d8f710 f   ColorConversionDlg.obj
 0001:0000e780       ?UpdateView@CColorConversionOptionsDlg@@IAEXXZ 67d8f780 f   ColorConversionDlg.obj
 0001:0000e8e0       ?OnClose@CColorConversionOptionsDlg@@IAEXXZ 67d8f8e0 f   ColorConversionDlg.obj
 0001:0000e940       ??_ECColorConversionOptionsDlg@@WJE@AEPAXI@Z 67d8f940 f i ColorConversionDlg.obj
 0001:0000e950       ??_GCColorConversionOptionsDlg@@UAEPAXI@Z 67d8f950 f i ColorConversionDlg.obj
 0001:0000e990       ??_ECColorConversionOptionsDlg@@UAEPAXI@Z 67d8f990 f i ColorConversionDlg.obj
 0001:0000ea10       ??1SapColorConversionMethodDictionary@@QAE@XZ 67d8fa10 f i ColorConversionDlg.obj
 0001:0000ea50       ??0CCompDlg@@QAE@PAVCWnd@@PAVSapAcquisition@@PAVSapTransfer@@@Z 67d8fa50 f   CompDlg.obj
 0001:0000eba0       ?DoDataExchange@CCompDlg@@MAEXPAVCDataExchange@@@Z 67d8fba0 f   CompDlg.obj
 0001:0000ecc0       ?GetMessageMap@CCompDlg@@MBEPBUAFX_MSGMAP@@XZ 67d8fcc0 f   CompDlg.obj
 0001:0000ecf0       ?GetThisMessageMap@CCompDlg@@KGPBUAFX_MSGMAP@@XZ 67d8fcf0 f   CompDlg.obj
 0001:0000ed00       ?Snap@CCompDlg@@IAEXXZ     67d8fd00 f   CompDlg.obj
 0001:0000ee80       ?OnOK@CCompDlg@@MAEXXZ     67d8fe80 f   CompDlg.obj
 0001:0000eeb0       ?OnCancel@CCompDlg@@MAEXXZ 67d8feb0 f   CompDlg.obj
 0001:0000f040       ?OnInitDialog@CCompDlg@@MAEHXZ 67d90040 f   CompDlg.obj
 0001:00010110       ?UpdateWindow@CCompDlg@@IAEXXZ 67d91110 f   CompDlg.obj
 0001:000102b0       ?SetBrightness@CCompDlg@@IAEXXZ 67d912b0 f   CompDlg.obj
 0001:000103a0       ?SetContrast@CCompDlg@@IAEXXZ 67d913a0 f   CompDlg.obj
 0001:00010490       ?SetHue@CCompDlg@@IAEXXZ   67d91490 f   CompDlg.obj
 0001:00010550       ?SetSaturation@CCompDlg@@IAEXXZ 67d91550 f   CompDlg.obj
 0001:00010610       ?SetSharpness@CCompDlg@@IAEXXZ 67d91610 f   CompDlg.obj
 0001:000106d0       ?OnHScroll@CCompDlg@@IAEXIIPAVCScrollBar@@@Z 67d916d0 f   CompDlg.obj
 0001:00010ac0       ?OnRed@CCompDlg@@IAEXXZ    67d91ac0 f   CompDlg.obj
 0001:00010b30       ?OnGreen@CCompDlg@@IAEXXZ  67d91b30 f   CompDlg.obj
 0001:00010ba0       ?OnBlue@CCompDlg@@IAEXXZ   67d91ba0 f   CompDlg.obj
 0001:00010c10       ?OnKillfocusEditContrast@CCompDlg@@IAEXXZ 67d91c10 f   CompDlg.obj
 0001:00010c60       ?OnKillfocusEditBrightness@CCompDlg@@IAEXXZ 67d91c60 f   CompDlg.obj
 0001:00010cb0       ?OnKillfocusEditHue@CCompDlg@@IAEXXZ 67d91cb0 f   CompDlg.obj
 0001:00010d00       ?OnKillfocusEditSaturation@CCompDlg@@IAEXXZ 67d91d00 f   CompDlg.obj
 0001:00010d50       ?OnKillfocusEditSharpness@CCompDlg@@IAEXXZ 67d91d50 f   CompDlg.obj
 0001:00010da0       ?OnDefault@CCompDlg@@IAEXXZ 67d91da0 f   CompDlg.obj
 0001:00010f30       ??_ECCompDlg@@WJE@AEPAXI@Z 67d91f30 f i CompDlg.obj
 0001:00010f40       ??_GCCompDlg@@UAEPAXI@Z    67d91f40 f i CompDlg.obj
 0001:00010f80       ??1CCompDlg@@UAE@XZ        67d91f80 f i CompDlg.obj
 0001:00011050       ??_ECCompDlg@@UAEPAXI@Z    67d92050 f i CompDlg.obj
 0001:000110d0       ??0CFlatFieldDlg@@QAE@PAVCWnd@@PAVSapFlatField@@PAVSapTransfer@@PAVSapBuffer@@@Z 67d920d0 f   FlatFieldDlg.obj
 0001:000112d0       ??1CFlatFieldDlg@@UAE@XZ   67d922d0 f   FlatFieldDlg.obj
 0001:00011400       ?DoDataExchange@CFlatFieldDlg@@MAEXPAVCDataExchange@@@Z 67d92400 f   FlatFieldDlg.obj
 0001:00011610       ?GetMessageMap@CFlatFieldDlg@@MBEPBUAFX_MSGMAP@@XZ 67d92610 f   FlatFieldDlg.obj
 0001:00011640       ?GetThisMessageMap@CFlatFieldDlg@@KGPBUAFX_MSGMAP@@XZ 67d92640 f   FlatFieldDlg.obj
 0001:00011650       ?OnInitDialog@CFlatFieldDlg@@MAEHXZ 67d92650 f   FlatFieldDlg.obj
 0001:000126f0       ?OnDestroy@CFlatFieldDlg@@IAEXXZ 67d936f0 f   FlatFieldDlg.obj
 0001:00012720       ?OnDarkImage@CFlatFieldDlg@@IAEXXZ 67d93720 f   FlatFieldDlg.obj
 0001:00012ff0       ?DarkImage@CFlatFieldDlg@@AAEXXZ 67d93ff0 f   FlatFieldDlg.obj
 0001:00013870       ?OnBrightImage@CFlatFieldDlg@@IAEXXZ 67d94870 f   FlatFieldDlg.obj
 0001:00014080       ?BrightImage@CFlatFieldDlg@@AAEXXZ 67d95080 f   FlatFieldDlg.obj
 0001:00014ea0       ?OnOK@CFlatFieldDlg@@MAEXXZ 67d95ea0 f   FlatFieldDlg.obj
 0001:00014f50       ?OnCancel@CFlatFieldDlg@@MAEXXZ 67d95f50 f   FlatFieldDlg.obj
 0001:00015030       ?OnSelchangeCorrectionType@CFlatFieldDlg@@IAEXXZ 67d96030 f   FlatFieldDlg.obj
 0001:000150e0       ?OnSelchangeVideoType@CFlatFieldDlg@@IAEXXZ 67d960e0 f   FlatFieldDlg.obj
 0001:00015150       ?OnSelchangeCalibrationIndex@CFlatFieldDlg@@IAEXXZ 67d96150 f   FlatFieldDlg.obj
 0001:000151b0       ?OnBnClickedScgFfLoadClusterMap@CFlatFieldDlg@@IAEXXZ 67d961b0 f   FlatFieldDlg.obj
 0001:00015430       ?Snap@CFlatFieldDlg@@QAEHXZ 67d96430 f   FlatFieldDlg.obj
 0001:00015670       ?LogMessage@CFlatFieldDlg@@AAEXHPBD@Z 67d96670 f   FlatFieldDlg.obj
 0001:000156d0       ?LogMessage@CFlatFieldDlg@@AAEXHV?$CStringT@DV?$StrTraitMFC_DLL@DV?$ChTraitsCRT@D@ATL@@@@@ATL@@@Z 67d966d0 f   FlatFieldDlg.obj
 0001:000158e0       ?GetAverageStr@CFlatFieldDlg@@ABE?AV?$CStringT@DV?$StrTraitMFC_DLL@DV?$ChTraitsCRT@D@ATL@@@@@ATL@@AAVSapFlatFieldStats@@@Z 67d968e0 f   FlatFieldDlg.obj
 0001:00015b40       ?GetStdDeviationStr@CFlatFieldDlg@@ABE?AV?$CStringT@DV?$StrTraitMFC_DLL@DV?$ChTraitsCRT@D@ATL@@@@@ATL@@AAVSapFlatFieldStats@@@Z 67d96b40 f   FlatFieldDlg.obj
 0001:00015da0       ?GetLowStr@CFlatFieldDlg@@ABE?AV?$CStringT@DV?$StrTraitMFC_DLL@DV?$ChTraitsCRT@D@ATL@@@@@ATL@@AAVSapFlatFieldStats@@@Z 67d96da0 f   FlatFieldDlg.obj
 0001:00016000       ?GetHighStr@CFlatFieldDlg@@ABE?AV?$CStringT@DV?$StrTraitMFC_DLL@DV?$ChTraitsCRT@D@ATL@@@@@ATL@@AAVSapFlatFieldStats@@@Z 67d97000 f   FlatFieldDlg.obj
 0001:00016260       ?GetPeakPositionStr@CFlatFieldDlg@@ABE?AV?$CStringT@DV?$StrTraitMFC_DLL@DV?$ChTraitsCRT@D@ATL@@@@@ATL@@AAVSapFlatFieldStats@@@Z 67d97260 f   FlatFieldDlg.obj
 0001:000164c0       ?GetPixelRatioStr@CFlatFieldDlg@@ABE?AV?$CStringT@DV?$StrTraitMFC_DLL@DV?$ChTraitsCRT@D@ATL@@@@@ATL@@AAVSapFlatFieldStats@@@Z 67d974c0 f   FlatFieldDlg.obj
 0001:00016720       ?GetNumPixelsStr@CFlatFieldDlg@@ABE?AV?$CStringT@DV?$StrTraitMFC_DLL@DV?$ChTraitsCRT@D@ATL@@@@@ATL@@AAVSapFlatFieldStats@@@Z 67d97720 f   FlatFieldDlg.obj
 0001:00016980       ?OnSaveAndUpload@CFlatFieldDlg@@IAEXXZ 67d97980 f   FlatFieldDlg.obj
 0001:00016c80       ??_ESapBuffer@@UAEPAXI@Z   67d97c80 f i FlatFieldDlg.obj
 0001:00016c80       ??_GSapBuffer@@UAEPAXI@Z   67d97c80 f i FlatFieldDlg.obj
 0001:00016cd0       ??_ECFlatFieldDlg@@WJE@AEPAXI@Z 67d97cd0 f i FlatFieldDlg.obj
 0001:00016ce0       ?pow@@YANNH@Z              67d97ce0 f i FlatFieldDlg.obj
 0001:00016d10       ?GetPathName@CLoadSaveDlg@@QAE?AV?$CStringT@DV?$StrTraitMFC_DLL@DV?$ChTraitsCRT@D@ATL@@@@@ATL@@XZ 67d97d10 f i FlatFieldDlg.obj
 0001:00016d70       ??1CLoadSaveDlg@@UAE@XZ    67d97d70 f i FlatFieldDlg.obj
 0001:00016db0       ??_GCFlatFieldDlg@@UAEPAXI@Z 67d97db0 f i FlatFieldDlg.obj
 0001:00016df0       ??_ECFlatFieldDlg@@UAEPAXI@Z 67d97df0 f i FlatFieldDlg.obj
 0001:00016e70       ??$_Pow_int@N@@YANNH@Z     67d97e70 f i FlatFieldDlg.obj
 0001:00016ef0       ??0CGioBidirectionalDlg@@QAE@PAVCWnd@@IPAVSapGio@@@Z 67d97ef0 f   GioBidirectionalDlg.obj
 0001:00017020       ?DoDataExchange@CGioBidirectionalDlg@@MAEXPAVCDataExchange@@@Z 67d98020 f   GioBidirectionalDlg.obj
 0001:000170a0       ?MoveWindow@CGioBidirectionalDlg@@QAEII@Z 67d980a0 f   GioBidirectionalDlg.obj
 0001:00017160       ?GetMessageMap@CGioBidirectionalDlg@@MBEPBUAFX_MSGMAP@@XZ 67d98160 f   GioBidirectionalDlg.obj
 0001:00017190       ?GetThisMessageMap@CGioBidirectionalDlg@@KGPBUAFX_MSGMAP@@XZ 67d98190 f   GioBidirectionalDlg.obj
 0001:000171a0       ?PreTranslateMessage@CGioBidirectionalDlg@@UAEHPAUtagMSG@@@Z 67d981a0 f   GioBidirectionalDlg.obj
 0001:000171f0       ?GioCallbackInfo@CGioBidirectionalDlg@@SAXPAVSapGioCallbackInfo@@@Z 67d981f0 f   GioBidirectionalDlg.obj
 0001:00017260       ?Create@CGioBidirectionalDlg@@QAEHXZ 67d98260 f   GioBidirectionalDlg.obj
 0001:000172b0       ?OnInitDialog@CGioBidirectionalDlg@@MAEHXZ 67d982b0 f   GioBidirectionalDlg.obj
 0001:00017fd0       ?OnSelchangeComboSignalEvent@CGioBidirectionalDlg@@IAEXXZ 67d98fd0 f   GioBidirectionalDlg.obj
 0001:00018020       ?ChangePinDirection@CGioBidirectionalDlg@@IAEXIH@Z 67d99020 f   GioBidirectionalDlg.obj
 0001:00018150       ?OnSelchangeComboDir1@CGioBidirectionalDlg@@IAEXXZ 67d99150 f   GioBidirectionalDlg.obj
 0001:00018190       ?OnSelchangeComboDir2@CGioBidirectionalDlg@@IAEXXZ 67d99190 f   GioBidirectionalDlg.obj
 0001:000181d0       ?OnSelchangeComboDir3@CGioBidirectionalDlg@@IAEXXZ 67d991d0 f   GioBidirectionalDlg.obj
 0001:00018210       ?OnSelchangeComboDir4@CGioBidirectionalDlg@@IAEXXZ 67d99210 f   GioBidirectionalDlg.obj
 0001:00018250       ?OnSelchangeComboDir5@CGioBidirectionalDlg@@IAEXXZ 67d99250 f   GioBidirectionalDlg.obj
 0001:00018290       ?OnSelchangeComboDir6@CGioBidirectionalDlg@@IAEXXZ 67d99290 f   GioBidirectionalDlg.obj
 0001:000182d0       ?OnSelchangeComboDir7@CGioBidirectionalDlg@@IAEXXZ 67d992d0 f   GioBidirectionalDlg.obj
 0001:00018310       ?OnSelchangeComboDir8@CGioBidirectionalDlg@@IAEXXZ 67d99310 f   GioBidirectionalDlg.obj
 0001:00018350       ?OnSelchangeComboDir9@CGioBidirectionalDlg@@IAEXXZ 67d99350 f   GioBidirectionalDlg.obj
 0001:00018390       ?OnSelchangeComboDir10@CGioBidirectionalDlg@@IAEXXZ 67d99390 f   GioBidirectionalDlg.obj
 0001:000183d0       ?OnSelchangeComboDir11@CGioBidirectionalDlg@@IAEXXZ 67d993d0 f   GioBidirectionalDlg.obj
 0001:00018410       ?OnSelchangeComboDir12@CGioBidirectionalDlg@@IAEXXZ 67d99410 f   GioBidirectionalDlg.obj
 0001:00018450       ?OnEnableCallback@CGioBidirectionalDlg@@IAEXXZ 67d99450 f   GioBidirectionalDlg.obj
 0001:00018680       ?Update@CGioBidirectionalDlg@@QAEHXZ 67d99680 f   GioBidirectionalDlg.obj
 0001:00018920       ?OnSelchangeComboInputLevel@CGioBidirectionalDlg@@IAEXXZ 67d99920 f   GioBidirectionalDlg.obj
 0001:00018a50       ?OnCtlColor@CGioBidirectionalDlg@@IAEPAUHBRUSH__@@PAVCDC@@PAVCWnd@@I@Z 67d99a50 f   GioBidirectionalDlg.obj
 0001:00018ac0       ?ResetInterruptCount@CGioBidirectionalDlg@@IAEHXZ 67d99ac0 f   GioBidirectionalDlg.obj
 0001:00018c30       ?OnBtReset@CGioBidirectionalDlg@@IAEXXZ 67d99c30 f   GioBidirectionalDlg.obj
 0001:00018c60       ?ChangePinState@CGioBidirectionalDlg@@IAEXH@Z 67d99c60 f   GioBidirectionalDlg.obj
 0001:00018e50       ?OnPin1@CGioBidirectionalDlg@@IAEXXZ 67d99e50 f   GioBidirectionalDlg.obj
 0001:00018e80       ?OnPin2@CGioBidirectionalDlg@@IAEXXZ 67d99e80 f   GioBidirectionalDlg.obj
 0001:00018eb0       ?OnPin3@CGioBidirectionalDlg@@IAEXXZ 67d99eb0 f   GioBidirectionalDlg.obj
 0001:00018ee0       ?OnPin4@CGioBidirectionalDlg@@IAEXXZ 67d99ee0 f   GioBidirectionalDlg.obj
 0001:00018f10       ?OnPin5@CGioBidirectionalDlg@@IAEXXZ 67d99f10 f   GioBidirectionalDlg.obj
 0001:00018f40       ?OnPin6@CGioBidirectionalDlg@@IAEXXZ 67d99f40 f   GioBidirectionalDlg.obj
 0001:00018f70       ?OnPin7@CGioBidirectionalDlg@@IAEXXZ 67d99f70 f   GioBidirectionalDlg.obj
 0001:00018fa0       ?OnPin8@CGioBidirectionalDlg@@IAEXXZ 67d99fa0 f   GioBidirectionalDlg.obj
 0001:00018fd0       ?OnPin9@CGioBidirectionalDlg@@IAEXXZ 67d99fd0 f   GioBidirectionalDlg.obj
 0001:00019000       ?OnPin10@CGioBidirectionalDlg@@IAEXXZ 67d9a000 f   GioBidirectionalDlg.obj
 0001:00019030       ?OnPin11@CGioBidirectionalDlg@@IAEXXZ 67d9a030 f   GioBidirectionalDlg.obj
 0001:00019060       ?OnPin12@CGioBidirectionalDlg@@IAEXXZ 67d9a060 f   GioBidirectionalDlg.obj
 0001:00019250       ??_GCGioBidirectionalDlg@@UAEPAXI@Z 67d9a250 f i GioBidirectionalDlg.obj
 0001:00019290       ??1CGioBidirectionalDlg@@UAE@XZ 67d9a290 f i GioBidirectionalDlg.obj
 0001:00019330       ??_ECGioBidirectionalDlg@@UAEPAXI@Z 67d9a330 f i GioBidirectionalDlg.obj
 0001:000193b0       ??0CGioInputDlg@@QAE@PAVCWnd@@IPAVSapGio@@@Z 67d9a3b0 f   GioInputDlg.obj
 0001:000194e0       ?DoDataExchange@CGioInputDlg@@MAEXPAVCDataExchange@@@Z 67d9a4e0 f   GioInputDlg.obj
 0001:00019560       ?MoveWindow@CGioInputDlg@@QAEII@Z 67d9a560 f   GioInputDlg.obj
 0001:00019620       ?GetMessageMap@CGioInputDlg@@MBEPBUAFX_MSGMAP@@XZ 67d9a620 f   GioInputDlg.obj
 0001:00019650       ?GetThisMessageMap@CGioInputDlg@@KGPBUAFX_MSGMAP@@XZ 67d9a650 f   GioInputDlg.obj
 0001:00019660       ?PreTranslateMessage@CGioInputDlg@@UAEHPAUtagMSG@@@Z 67d9a660 f   GioInputDlg.obj
 0001:000196b0       ?GioCallbackInfo@CGioInputDlg@@SAXPAVSapGioCallbackInfo@@@Z 67d9a6b0 f   GioInputDlg.obj
 0001:00019720       ?Create@CGioInputDlg@@QAEHXZ 67d9a720 f   GioInputDlg.obj
 0001:00019770       ?OnInitDialog@CGioInputDlg@@MAEHXZ 67d9a770 f   GioInputDlg.obj
 0001:0001a370       ?OnSelchangeComboSignalEvent@CGioInputDlg@@IAEXXZ 67d9b370 f   GioInputDlg.obj
 0001:0001a3c0       ?OnEnableCallback@CGioInputDlg@@IAEXXZ 67d9b3c0 f   GioInputDlg.obj
 0001:0001a500       ?Update@CGioInputDlg@@QAEHXZ 67d9b500 f   GioInputDlg.obj
 0001:0001a7a0       ?OnSelchangeComboInputLevel@CGioInputDlg@@IAEXXZ 67d9b7a0 f   GioInputDlg.obj
 0001:0001a8d0       ?OnCtlColor@CGioInputDlg@@IAEPAUHBRUSH__@@PAVCDC@@PAVCWnd@@I@Z 67d9b8d0 f   GioInputDlg.obj
 0001:0001a940       ?ResetInterruptCount@CGioInputDlg@@IAEHXZ 67d9b940 f   GioInputDlg.obj
 0001:0001aab0       ?OnBtReset@CGioInputDlg@@IAEXXZ 67d9bab0 f   GioInputDlg.obj
 0001:0001aca0       ??_GCGioInputDlg@@UAEPAXI@Z 67d9bca0 f i GioInputDlg.obj
 0001:0001ace0       ??1CGioInputDlg@@UAE@XZ    67d9bce0 f i GioInputDlg.obj
 0001:0001ad80       ??_ECGioInputDlg@@UAEPAXI@Z 67d9bd80 f i GioInputDlg.obj
 0001:0001ae00       ??0CGioOutputDlg@@QAE@PAVCWnd@@IPAVSapGio@@@Z 67d9be00 f   GioOutputDlg.obj
 0001:0001af50       ?DoDataExchange@CGioOutputDlg@@MAEXPAVCDataExchange@@@Z 67d9bf50 f   GioOutputDlg.obj
 0001:0001afe0       ?PreTranslateMessage@CGioOutputDlg@@UAEHPAUtagMSG@@@Z 67d9bfe0 f   GioOutputDlg.obj
 0001:0001b030       ?MoveWindow@CGioOutputDlg@@QAEII@Z 67d9c030 f   GioOutputDlg.obj
 0001:0001b0f0       ?GetMessageMap@CGioOutputDlg@@MBEPBUAFX_MSGMAP@@XZ 67d9c0f0 f   GioOutputDlg.obj
 0001:0001b120       ?GetThisMessageMap@CGioOutputDlg@@KGPBUAFX_MSGMAP@@XZ 67d9c120 f   GioOutputDlg.obj
 0001:0001b130       ?Update@CGioOutputDlg@@QAEHXZ 67d9c130 f   GioOutputDlg.obj
 0001:0001b380       ?Create@CGioOutputDlg@@QAEHXZ 67d9c380 f   GioOutputDlg.obj
 0001:0001b3d0       ?OnInitDialog@CGioOutputDlg@@MAEHXZ 67d9c3d0 f   GioOutputDlg.obj
 0001:0001bef0       ?InitOutputDlg@CGioOutputDlg@@QAEHXZ 67d9cef0 f   GioOutputDlg.obj
 0001:0001c120       ?InitComboOutputState@CGioOutputDlg@@QAEXXZ 67d9d120 f   GioOutputDlg.obj
 0001:0001c410       ?OnSelchangeComboOutputState@CGioOutputDlg@@IAEXXZ 67d9d410 f   GioOutputDlg.obj
 0001:0001c440       ?UpdateIO@CGioOutputDlg@@IAEXXZ 67d9d440 f   GioOutputDlg.obj
 0001:0001c6b0       ?OnCtlColor@CGioOutputDlg@@IAEPAUHBRUSH__@@PAVCDC@@PAVCWnd@@I@Z 67d9d6b0 f   GioOutputDlg.obj
 0001:0001c720       ?ChangePinState@CGioOutputDlg@@QAEXPAVCButton@@@Z 67d9d720 f   GioOutputDlg.obj
 0001:0001c880       ?OnPin1@CGioOutputDlg@@IAEXXZ 67d9d880 f   GioOutputDlg.obj
 0001:0001c8c0       ?OnPin2@CGioOutputDlg@@IAEXXZ 67d9d8c0 f   GioOutputDlg.obj
 0001:0001c900       ?OnPin3@CGioOutputDlg@@IAEXXZ 67d9d900 f   GioOutputDlg.obj
 0001:0001c940       ?OnPin4@CGioOutputDlg@@IAEXXZ 67d9d940 f   GioOutputDlg.obj
 0001:0001c980       ?OnPin5@CGioOutputDlg@@IAEXXZ 67d9d980 f   GioOutputDlg.obj
 0001:0001c9c0       ?OnPin6@CGioOutputDlg@@IAEXXZ 67d9d9c0 f   GioOutputDlg.obj
 0001:0001ca00       ?OnPin7@CGioOutputDlg@@IAEXXZ 67d9da00 f   GioOutputDlg.obj
 0001:0001ca40       ?OnPin8@CGioOutputDlg@@IAEXXZ 67d9da40 f   GioOutputDlg.obj
 0001:0001ca80       ?OnPin9@CGioOutputDlg@@IAEXXZ 67d9da80 f   GioOutputDlg.obj
 0001:0001cac0       ?OnPin10@CGioOutputDlg@@IAEXXZ 67d9dac0 f   GioOutputDlg.obj
 0001:0001cb00       ?OnPin11@CGioOutputDlg@@IAEXXZ 67d9db00 f   GioOutputDlg.obj
 0001:0001cb40       ?OnPin12@CGioOutputDlg@@IAEXXZ 67d9db40 f   GioOutputDlg.obj
 0001:0001cd40       ??_GCGioOutputDlg@@UAEPAXI@Z 67d9dd40 f i GioOutputDlg.obj
 0001:0001cd80       ??1CGioOutputDlg@@UAE@XZ   67d9dd80 f i GioOutputDlg.obj
 0001:0001ce50       ??_ECGioOutputDlg@@UAEPAXI@Z 67d9de50 f i GioOutputDlg.obj
 0001:0001ced0       ?_GetBaseClass@CImageExWnd@@KGPAUCRuntimeClass@@XZ 67d9ded0 f   ImageExWnd.obj
 0001:0001cef0       ?GetThisClass@CImageExWnd@@SGPAUCRuntimeClass@@XZ 67d9def0 f   ImageExWnd.obj
 0001:0001cf00       ?GetRuntimeClass@CImageExWnd@@UBEPAUCRuntimeClass@@XZ 67d9df00 f   ImageExWnd.obj
 0001:0001cf20       ??0CImageExWnd@@QAE@XZ     67d9df20 f   ImageExWnd.obj
 0001:0001d160       ??1CImageExWnd@@UAE@XZ     67d9e160 f   ImageExWnd.obj
 0001:0001d2c0       ?AttachSapView@CImageExWnd@@QAE_NPAVSapView@@@Z 67d9e2c0 f   ImageExWnd.obj
 0001:0001d300       ?AttachEventHandler@CImageExWnd@@QAEXPAVCImageExWndEventHandler@@@Z 67d9e300 f   ImageExWnd.obj
 0001:0001d320       ?CenterImage@CImageExWnd@@QAEX_N@Z 67d9e320 f   ImageExWnd.obj
 0001:0001d350       ?IsImageCentered@CImageExWnd@@QBE_NXZ 67d9e350 f   ImageExWnd.obj
 0001:0001d380       ?Refresh@CImageExWnd@@QAEXXZ 67d9e380 f   ImageExWnd.obj
 0001:0001d3b0       ?Reset@CImageExWnd@@QAEXXZ 67d9e3b0 f   ImageExWnd.obj
 0001:0001d3e0       ?SupportROI@CImageExWnd@@QAEX_N@Z 67d9e3e0 f   ImageExWnd.obj
 0001:0001d410       ?ActivateROI@CImageExWnd@@QAEX_N@Z 67d9e410 f   ImageExWnd.obj
 0001:0001d440       ?SetROI@CImageExWnd@@QAEXHHII@Z 67d9e440 f   ImageExWnd.obj
 0001:0001d480       ?SetROI@CImageExWnd@@QAEXVCPoint@@0@Z 67d9e480 f   ImageExWnd.obj
 0001:0001d4c0       ?SetROI@CImageExWnd@@QAEXVCRect@@@Z 67d9e4c0 f   ImageExWnd.obj
 0001:0001d550       ?IsRoiSupported@CImageExWnd@@QBE_NXZ 67d9e550 f   ImageExWnd.obj
 0001:0001d580       ?IsRoiActive@CImageExWnd@@QBE_NXZ 67d9e580 f   ImageExWnd.obj
 0001:0001d5b0       ?GetROI@CImageExWnd@@QBEXAAI000@Z 67d9e5b0 f   ImageExWnd.obj
 0001:0001d5f0       ?GetROI@CImageExWnd@@QBEXAAVCPoint@@0@Z 67d9e5f0 f   ImageExWnd.obj
 0001:0001d630       ?GetROI@CImageExWnd@@QBEXAAVCRect@@@Z 67d9e630 f   ImageExWnd.obj
 0001:0001d660       ?SetPixelStringFormatDecimal@CImageExWnd@@QAEX_N@Z 67d9e660 f   ImageExWnd.obj
 0001:0001d690       ?IsPixelStringFormatDecimal@CImageExWnd@@QBE_NXZ 67d9e690 f   ImageExWnd.obj
 0001:0001d6c0       ?GetPixelString@CImageExWnd@@QBE?AV?$CStringT@DV?$StrTraitMFC_DLL@DV?$ChTraitsCRT@D@ATL@@@@@ATL@@VCPoint@@@Z 67d9e6c0 f   ImageExWnd.obj
 0001:0001d720       ?NotifyMarkerChanged@CImageExWnd@@IAEXXZ 67d9e720 f   ImageExWnd.obj
 0001:0001d770       ?NotifyInteractiveMarkerChanged@CImageExWnd@@IAEXH@Z 67d9e770 f   ImageExWnd.obj
 0001:0001d7d0       ?PixelChanged@CImageExWnd@@MAEXHH@Z 67d9e7d0 f   ImageExWnd.obj
 0001:0001d830       ?ScaleChanged@CImageExWnd@@MAEXXZ 67d9e830 f   ImageExWnd.obj
 0001:0001d8b0       ?RoiChanged@CImageExWnd@@MAEXXZ 67d9e8b0 f   ImageExWnd.obj
 0001:0001d900       ?ViewChanged@CImageExWnd@@MAEXXZ 67d9e900 f   ImageExWnd.obj
 0001:0001d980       ?EnableMarker@CImageExWnd@@QAEX_N@Z 67d9e980 f   ImageExWnd.obj
 0001:0001da60       ?IsMarkerEnabled@CImageExWnd@@QBE_NXZ 67d9ea60 f   ImageExWnd.obj
 0001:0001da80       ?SetMarkerLine@CImageExWnd@@QAEXI@Z 67d9ea80 f   ImageExWnd.obj
 0001:0001db00       ?GetMarkerLine@CImageExWnd@@QBEIXZ 67d9eb00 f   ImageExWnd.obj
 0001:0001db20       ?ValidateMarkerLineIndex@CImageExWnd@@IAEHH@Z 67d9eb20 f   ImageExWnd.obj
 0001:0001db60       ?GetMessageMap@CImageExWnd@@MBEPBUAFX_MSGMAP@@XZ 67d9eb60 f   ImageExWnd.obj
 0001:0001db90       ?GetThisMessageMap@CImageExWnd@@KGPBUAFX_MSGMAP@@XZ 67d9eb90 f   ImageExWnd.obj
 0001:0001dba0       ?PreCreateWindow@CImageExWnd@@MAEHAAUtagCREATESTRUCTA@@@Z 67d9eba0 f   ImageExWnd.obj
 0001:0001dbe0       ?CreateChildControls@CImageExWnd@@IAEHXZ 67d9ebe0 f   ImageExWnd.obj
 0001:0001dd20       ?OnCreate@CImageExWnd@@IAEHPAUtagCREATESTRUCTA@@@Z 67d9ed20 f   ImageExWnd.obj
 0001:0001dd70       ?PreSubclassWindow@CImageExWnd@@MAEXXZ 67d9ed70 f   ImageExWnd.obj
 0001:0001ddc0       ?OnDestroy@CImageExWnd@@IAEXXZ 67d9edc0 f   ImageExWnd.obj
 0001:0001de40       ?PreTranslateMessage@CImageExWnd@@MAEHPAUtagMSG@@@Z 67d9ee40 f   ImageExWnd.obj
 0001:0001df10       ?OnPaint@CImageExWnd@@IAEXXZ 67d9ef10 f   ImageExWnd.obj
 0001:0001e270       ?PaintMarker@CImageExWnd@@IAEXAAVCDC@@H@Z 67d9f270 f   ImageExWnd.obj
 0001:0001e480       ?OnEraseBkgnd@CImageExWnd@@IAEHPAVCDC@@@Z 67d9f480 f   ImageExWnd.obj
 0001:0001e4a0       ?UpdateLayout@CImageExWnd@@IAEXXZ 67d9f4a0 f   ImageExWnd.obj
 0001:0001e830       ?OnSize@CImageExWnd@@IAEXIHH@Z 67d9f830 f   ImageExWnd.obj
 0001:0001e870       ?OnSetFocus@CImageExWnd@@IAEXPAVCWnd@@@Z 67d9f870 f   ImageExWnd.obj
 0001:0001e8a0       ?OnMouseMove@CImageExWnd@@IAEXIVCPoint@@@Z 67d9f8a0 f   ImageExWnd.obj
 0001:0001eaa0       ?OnMouseLeave@CImageExWnd@@IAEJIJ@Z 67d9faa0 f   ImageExWnd.obj
 0001:0001eb00       ?OnLButtonDown@CImageExWnd@@IAEXIVCPoint@@@Z 67d9fb00 f   ImageExWnd.obj
 0001:0001eb80       ?UpdateScrollBars@CImageExWnd@@IAEXXZ 67d9fb80 f   ImageExWnd.obj
 0001:0001ee00       ?OnHScroll@CImageExWnd@@IAEXIIPAVCScrollBar@@@Z 67d9fe00 f   ImageExWnd.obj
 0001:0001f000       ?OnVScroll@CImageExWnd@@IAEXIIPAVCScrollBar@@@Z 67da0000 f   ImageExWnd.obj
 0001:0001f200       ??0CImageViewportWndEventHandler@@QAE@XZ 67da0200 f i ImageExWnd.obj
 0001:0001f220       ?PixelChanged@CImageViewportWndEventHandler@@UAEXHH@Z 67da0220 f i ImageExWnd.obj
 0001:0001f240       ?ScaleChanged@CImageViewportWndEventHandler@@UAEXXZ 67da0240 f i ImageExWnd.obj
 0001:0001f260       ?RoiChanged@CImageViewportWndEventHandler@@UAEXXZ 67da0260 f i ImageExWnd.obj
 0001:0001f280       ?ViewChanged@CImageViewportWndEventHandler@@UAEXXZ 67da0280 f i ImageExWnd.obj
 0001:0001f2a0       ??_GCImageExWnd@@UAEPAXI@Z 67da02a0 f i ImageExWnd.obj
 0001:0001f2e0       ??_ECImageExWnd@@UAEPAXI@Z 67da02e0 f i ImageExWnd.obj
 0001:0001f360       ?_GetBaseClass@CImageFilterEditorDlg@@KGPAUCRuntimeClass@@XZ 67da0360 f   ImageFilterEditorDlg.obj
 0001:0001f380       ?GetThisClass@CImageFilterEditorDlg@@SGPAUCRuntimeClass@@XZ 67da0380 f   ImageFilterEditorDlg.obj
 0001:0001f390       ?GetRuntimeClass@CImageFilterEditorDlg@@UBEPAUCRuntimeClass@@XZ 67da0390 f   ImageFilterEditorDlg.obj
 0001:0001f3b0       ??0CImageFilterEditorDlg@@QAE@PAVSapAcquisition@@PAVCWnd@@@Z 67da03b0 f   ImageFilterEditorDlg.obj
 0001:0001f530       ??1CImageFilterEditorDlg@@UAE@XZ 67da0530 f   ImageFilterEditorDlg.obj
 0001:0001f620       ?OnInitDialog@CImageFilterEditorDlg@@MAEHXZ 67da0620 f   ImageFilterEditorDlg.obj
 0001:0001f8c0       ?CreateCoeffEditControls@CImageFilterEditorDlg@@IAE_NH@Z 67da08c0 f   ImageFilterEditorDlg.obj
 0001:0001fa50       ?DestroyCoeffEditControls@CImageFilterEditorDlg@@IAEXXZ 67da0a50 f   ImageFilterEditorDlg.obj
 0001:0001fb70       ?InitControls@CImageFilterEditorDlg@@IAEXXZ 67da0b70 f   ImageFilterEditorDlg.obj
 0001:0001fed0       ?UpdateState@CImageFilterEditorDlg@@IAE_NXZ 67da0ed0 f   ImageFilterEditorDlg.obj
 0001:0001ff60       ?UpdateKernelSizeCombo@CImageFilterEditorDlg@@IAEXXZ 67da0f60 f   ImageFilterEditorDlg.obj
 0001:00020070       ?ArrangeCoeffEditControls@CImageFilterEditorDlg@@IAEXXZ 67da1070 f   ImageFilterEditorDlg.obj
 0001:000203a0       ?ConvertToDecimal@CImageFilterEditorDlg@@KA_NV?$CStringT@DV?$StrTraitMFC_DLL@DV?$ChTraitsCRT@D@ATL@@@@@ATL@@AAN@Z 67da13a0 f   ImageFilterEditorDlg.obj
 0001:00020570       ?ReadCoefficients@CImageFilterEditorDlg@@IAE_NXZ 67da1570 f   ImageFilterEditorDlg.obj
 0001:00020810       ?ReadCoefficientsFromBuffer@CImageFilterEditorDlg@@IAE_NAAVSapBuffer@@@Z 67da1810 f   ImageFilterEditorDlg.obj
 0001:00020b90       ?WriteCoefficients@CImageFilterEditorDlg@@IAE_NXZ 67da1b90 f   ImageFilterEditorDlg.obj
 0001:00020e30       ?WriteCoefficientsToBuffer@CImageFilterEditorDlg@@IAE_NAAVSapBuffer@@@Z 67da1e30 f   ImageFilterEditorDlg.obj
 0001:000213d0       ?DoDataExchange@CImageFilterEditorDlg@@MAEXPAVCDataExchange@@@Z 67da23d0 f   ImageFilterEditorDlg.obj
 0001:00021490       ?GetMessageMap@CImageFilterEditorDlg@@MBEPBUAFX_MSGMAP@@XZ 67da2490 f   ImageFilterEditorDlg.obj
 0001:000214c0       ?GetThisMessageMap@CImageFilterEditorDlg@@KGPBUAFX_MSGMAP@@XZ 67da24c0 f   ImageFilterEditorDlg.obj
 0001:000214d0       ?OnCheckImageFilterEnable@CImageFilterEditorDlg@@IAEXXZ 67da24d0 f   ImageFilterEditorDlg.obj
 0001:00021540       ?OnChangeImageFilterIndex@CImageFilterEditorDlg@@IAEXXZ 67da2540 f   ImageFilterEditorDlg.obj
 0001:00021570       ?OnChangeImageFilterSize@CImageFilterEditorDlg@@IAEXXZ 67da2570 f   ImageFilterEditorDlg.obj
 0001:000215a0       ?OnBnClickedBtnImport@CImageFilterEditorDlg@@IAEXXZ 67da25a0 f   ImageFilterEditorDlg.obj
 0001:000218f0       ?OnBnClickedBtnExport@CImageFilterEditorDlg@@IAEXXZ 67da28f0 f   ImageFilterEditorDlg.obj
 0001:00021cf0       ?OnOK@CImageFilterEditorDlg@@MAEXXZ 67da2cf0 f   ImageFilterEditorDlg.obj
 0001:00021d50       ?PreTranslateMessage@CImageFilterEditorDlg@@MAEHPAUtagMSG@@@Z 67da2d50 f   ImageFilterEditorDlg.obj
 0001:00021da0       ??_ECEdit@@UAEPAXI@Z       67da2da0 f i ImageFilterEditorDlg.obj
 0001:00021e20       ??_D?$basic_istringstream@DU?$char_traits@D@std@@V?$allocator@D@2@@std@@QAEXXZ 67da2e20 f i ImageFilterEditorDlg.obj
 0001:00021e60       ??0?$basic_istringstream@DU?$char_traits@D@std@@V?$allocator@D@2@@std@@QAE@ABV?$basic_string@DU?$char_traits@D@std@@V?$allocator@D@2@@1@H@Z 67da2e60 f i ImageFilterEditorDlg.obj
 0001:00021f50       ??1?$basic_istringstream@DU?$char_traits@D@std@@V?$allocator@D@2@@std@@UAE@XZ 67da2f50 f i ImageFilterEditorDlg.obj
 0001:00021fe0       ??1?$basic_stringbuf@DU?$char_traits@D@std@@V?$allocator@D@2@@std@@UAE@XZ 67da2fe0 f i ImageFilterEditorDlg.obj
 0001:00022060       ?overflow@?$basic_stringbuf@DU?$char_traits@D@std@@V?$allocator@D@2@@std@@MAEHH@Z 67da3060 f i ImageFilterEditorDlg.obj
 0001:00022460       ?pbackfail@?$basic_stringbuf@DU?$char_traits@D@std@@V?$allocator@D@2@@std@@MAEHH@Z 67da3460 f i ImageFilterEditorDlg.obj
 0001:000225a0       ?underflow@?$basic_stringbuf@DU?$char_traits@D@std@@V?$allocator@D@2@@std@@MAEHXZ 67da35a0 f i ImageFilterEditorDlg.obj
 0001:00022740       ?seekoff@?$basic_stringbuf@DU?$char_traits@D@std@@V?$allocator@D@2@@std@@MAE?AV?$fpos@H@2@_JHH@Z 67da3740 f i ImageFilterEditorDlg.obj
 0001:00022b00       ?seekpos@?$basic_stringbuf@DU?$char_traits@D@std@@V?$allocator@D@2@@std@@MAE?AV?$fpos@H@2@V32@H@Z 67da3b00 f i ImageFilterEditorDlg.obj
 0001:00022de0       ??_E?$basic_istringstream@DU?$char_traits@D@std@@V?$allocator@D@2@@std@@UAEPAXI@Z 67da3de0 f i ImageFilterEditorDlg.obj
 0001:00022de0       ??_G?$basic_istringstream@DU?$char_traits@D@std@@V?$allocator@D@2@@std@@UAEPAXI@Z 67da3de0 f i ImageFilterEditorDlg.obj
 0001:00022e30       ??_E?$basic_stringbuf@DU?$char_traits@D@std@@V?$allocator@D@2@@std@@UAEPAXI@Z 67da3e30 f i ImageFilterEditorDlg.obj
 0001:00022e30       ??_G?$basic_stringbuf@DU?$char_traits@D@std@@V?$allocator@D@2@@std@@UAEPAXI@Z 67da3e30 f i ImageFilterEditorDlg.obj
 0001:00022e70       ??B?$fpos@H@std@@QBE_JXZ   67da3e70 f i ImageFilterEditorDlg.obj
 0001:00022ea0       ??0?$basic_stringbuf@DU?$char_traits@D@std@@V?$allocator@D@2@@std@@QAE@ABV?$basic_string@DU?$char_traits@D@std@@V?$allocator@D@2@@1@H@Z 67da3ea0 f i ImageFilterEditorDlg.obj
 0001:00022f50       ?_Tidy@?$basic_stringbuf@DU?$char_traits@D@std@@V?$allocator@D@2@@std@@IAEXXZ 67da3f50 f i ImageFilterEditorDlg.obj
 0001:00023050       ?_Init@?$basic_stringbuf@DU?$char_traits@D@std@@V?$allocator@D@2@@std@@IAEXPBDIH@Z 67da4050 f i ImageFilterEditorDlg.obj
 0001:000231a0       ?_Getstate@?$basic_stringbuf@DU?$char_traits@D@std@@V?$allocator@D@2@@std@@AAEHH@Z 67da41a0 f i ImageFilterEditorDlg.obj
 0001:00023210       ?copy@?$char_traits@D@std@@SAPADPADPBDI@Z 67da4210 f i ImageFilterEditorDlg.obj
 0001:00023230       ?eq@?$char_traits@D@std@@SA_NABD0@Z 67da4230 f i ImageFilterEditorDlg.obj
 0001:00023250       ?to_char_type@?$char_traits@D@std@@SADABH@Z 67da4250 f i ImageFilterEditorDlg.obj
 0001:00023260       ?to_int_type@?$char_traits@D@std@@SAHABD@Z 67da4260 f i ImageFilterEditorDlg.obj
 0001:00023270       ?eq_int_type@?$char_traits@D@std@@SA_NABH0@Z 67da4270 f i ImageFilterEditorDlg.obj
 0001:00023290       ?not_eof@?$char_traits@D@std@@SAHABH@Z 67da4290 f i ImageFilterEditorDlg.obj
 0001:000232e0       ?eof@?$char_traits@D@std@@SAHXZ 67da42e0 f i ImageFilterEditorDlg.obj
 0001:000232f0       ??_GCImageFilterEditorDlg@@UAEPAXI@Z 67da42f0 f i ImageFilterEditorDlg.obj
 0001:00023330       ??_ECImageFilterEditorDlg@@UAEPAXI@Z 67da4330 f i ImageFilterEditorDlg.obj
 0001:000233b0       ??0?$basic_string@DU?$char_traits@D@std@@V?$allocator@D@2@@std@@QAE@PBD@Z 67da43b0 f i ImageFilterEditorDlg.obj
 0001:00023440       ??1?$basic_string@DU?$char_traits@D@std@@V?$allocator@D@2@@std@@QAE@XZ 67da4440 f i ImageFilterEditorDlg.obj
 0001:000234b0       ?c_str@?$basic_string@DU?$char_traits@D@std@@V?$allocator@D@2@@std@@QBEPBDXZ 67da44b0 f i ImageFilterEditorDlg.obj
 0001:000234e0       ?size@?$basic_string@DU?$char_traits@D@std@@V?$allocator@D@2@@std@@QBEIXZ 67da44e0 f i ImageFilterEditorDlg.obj
 0001:00023500       ?assign@?$basic_string@DU?$char_traits@D@std@@V?$allocator@D@2@@std@@QAEAAV12@PBD@Z 67da4500 f i ImageFilterEditorDlg.obj
 0001:00023550       ?length@?$char_traits@D@std@@SAIPBD@Z 67da4550 f i ImageFilterEditorDlg.obj
 0001:00023570       ?_Tidy@?$basic_string@DU?$char_traits@D@std@@V?$allocator@D@2@@std@@QAEX_NI@Z 67da4570 f i ImageFilterEditorDlg.obj
 0001:00023600       ?_Myptr@?$basic_string@DU?$char_traits@D@std@@V?$allocator@D@2@@std@@QBEPBDXZ 67da4600 f i ImageFilterEditorDlg.obj
 0001:00023640       ??0?$_String_val@DV?$allocator@D@std@@@std@@QAE@V?$allocator@D@1@@Z 67da4640 f i ImageFilterEditorDlg.obj
 0001:00023750       ??0_Container_proxy@std@@QAE@XZ 67da4750 f i ImageFilterEditorDlg.obj
 0001:00023780       ??1?$_String_val@DV?$allocator@D@std@@@std@@QAE@XZ 67da4780 f i ImageFilterEditorDlg.obj
 0001:00023880       ??0?$allocator@D@std@@QAE@XZ 67da4880 f i ImageFilterEditorDlg.obj
 0001:000238a0       ??0?$allocator@D@std@@QAE@ABV01@@Z 67da48a0 f i ImageFilterEditorDlg.obj
 0001:000238c0       ??0?$fpos@H@std@@QAE@_J@Z  67da48c0 f i ImageFilterEditorDlg.obj
 0001:00023910       ?assign@?$basic_string@DU?$char_traits@D@std@@V?$allocator@D@2@@std@@QAEAAV12@PBDI@Z 67da4910 f i ImageFilterEditorDlg.obj
 0001:000239c0       ?_Eos@?$basic_string@DU?$char_traits@D@std@@V?$allocator@D@2@@std@@QAEXI@Z 67da49c0 f i ImageFilterEditorDlg.obj
 0001:00023a10       ?assign@?$char_traits@D@std@@SAXAADABD@Z 67da4a10 f i ImageFilterEditorDlg.obj
 0001:00023a20       ?_Myptr@?$basic_string@DU?$char_traits@D@std@@V?$allocator@D@2@@std@@QAEPADXZ 67da4a20 f i ImageFilterEditorDlg.obj
 0001:00023a60       ?deallocate@?$allocator@D@std@@QAEXPADI@Z 67da4a60 f i ImageFilterEditorDlg.obj
 0001:00023a90       ?deallocate@?$allocator@U_Container_proxy@std@@@std@@QAEXPAU_Container_proxy@2@I@Z 67da4a90 f i ImageFilterEditorDlg.obj
 0001:00023ac0       ?allocate@?$allocator@U_Container_proxy@std@@@std@@QAEPAU_Container_proxy@2@I@Z 67da4ac0 f i ImageFilterEditorDlg.obj
 0001:00023af0       ?assign@?$basic_string@DU?$char_traits@D@std@@V?$allocator@D@2@@std@@QAEAAV12@ABV12@II@Z 67da4af0 f i ImageFilterEditorDlg.obj
 0001:00023bc0       ?_Xran@?$basic_string@DU?$char_traits@D@std@@V?$allocator@D@2@@std@@QBEXXZ 67da4bc0 f i ImageFilterEditorDlg.obj
 0001:00023c00       ?_Grow@?$basic_string@DU?$char_traits@D@std@@V?$allocator@D@2@@std@@QAE_NI_N@Z 67da4c00 f i ImageFilterEditorDlg.obj
 0001:00023cb0       ?_Inside@?$basic_string@DU?$char_traits@D@std@@V?$allocator@D@2@@std@@QAE_NPBD@Z 67da4cb0 f i ImageFilterEditorDlg.obj
 0001:00023d00       ?_Xlen@?$basic_string@DU?$char_traits@D@std@@V?$allocator@D@2@@std@@QBEXXZ 67da4d00 f i ImageFilterEditorDlg.obj
 0001:00023d40       ?erase@?$basic_string@DU?$char_traits@D@std@@V?$allocator@D@2@@std@@QAEAAV12@II@Z 67da4d40 f i ImageFilterEditorDlg.obj
 0001:00023df0       ?move@?$char_traits@D@std@@SAPADPADPBDI@Z 67da4df0 f i ImageFilterEditorDlg.obj
 0001:00023e20       ?max_size@?$basic_string@DU?$char_traits@D@std@@V?$allocator@D@2@@std@@QBEIXZ 67da4e20 f i ImageFilterEditorDlg.obj
 0001:00023e80       ?_Copy@?$basic_string@DU?$char_traits@D@std@@V?$allocator@D@2@@std@@QAEXII@Z 67da4e80 f i ImageFilterEditorDlg.obj
 0001:00024030       ?allocate@?$allocator@D@std@@QAEPADI@Z 67da5030 f i ImageFilterEditorDlg.obj
 0001:00024060       ?max_size@?$allocator@D@std@@QBEIXZ 67da5060 f i ImageFilterEditorDlg.obj
 0001:000240b0       ??$_Debug_pointer@D@std@@YAXPBDPB_WI@Z 67da50b0 f i ImageFilterEditorDlg.obj
 0001:000240f0       ??$?0D@?$allocator@U_Container_proxy@std@@@std@@QAE@ABV?$allocator@D@1@@Z 67da50f0 f i ImageFilterEditorDlg.obj
 0001:00024110       ??$_Cons_val@V?$allocator@U_Container_proxy@std@@@std@@U_Container_proxy@2@U32@@std@@YAXAAV?$allocator@U_Container_proxy@std@@@0@PAU_Container_proxy@0@$$QAU20@@Z 67da5110 f i ImageFilterEditorDlg.obj
 0001:00024140       ??$_Dest_val@V?$allocator@U_Container_proxy@std@@@std@@U_Container_proxy@2@@std@@YAXAAV?$allocator@U_Container_proxy@std@@@0@PAU_Container_proxy@0@@Z 67da5140 f i ImageFilterEditorDlg.obj
 0001:00024160       ??$_Allocate@U_Container_proxy@std@@@std@@YAPAU_Container_proxy@0@IPAU10@@Z 67da5160 f i ImageFilterEditorDlg.obj
 0001:000241e0       ??0bad_alloc@std@@QAE@PBD@Z 67da51e0 f i ImageFilterEditorDlg.obj
 0001:00024230       ??1bad_alloc@std@@UAE@XZ   67da5230 f i ImageFilterEditorDlg.obj
 0001:00024270       ??_Ebad_alloc@std@@UAEPAXI@Z 67da5270 f i ImageFilterEditorDlg.obj
 0001:00024270       ??_Gbad_alloc@std@@UAEPAXI@Z 67da5270 f i ImageFilterEditorDlg.obj
 0001:000242b0       ??$_Allocate@D@std@@YAPADIPAD@Z 67da52b0 f i ImageFilterEditorDlg.obj
 0001:00024330       ??0bad_alloc@std@@QAE@ABV01@@Z 67da5330 f i ImageFilterEditorDlg.obj
 0001:00024380       ?construct@?$allocator@U_Container_proxy@std@@@std@@QAEXPAU_Container_proxy@2@$$QAU32@@Z 67da5380 f i ImageFilterEditorDlg.obj
 0001:00024430       ??2@YAPAXIPAX@Z            67da5430 f i ImageFilterEditorDlg.obj
 0001:00024440       ??3@YAXPAX0@Z              67da5440 f i ImageFilterEditorDlg.obj
 0001:00024450       ?destroy@?$allocator@U_Container_proxy@std@@@std@@QAEXPAU_Container_proxy@2@@Z 67da5450 f i ImageFilterEditorDlg.obj
 0001:00024480       ??$forward@U_Container_proxy@std@@@std@@YA$$QAU_Container_proxy@0@AAU10@@Z 67da5480 f i ImageFilterEditorDlg.obj
 0001:00024490       ??$_Destroy@U_Container_proxy@std@@@std@@YAXPAU_Container_proxy@0@@Z 67da5490 f i ImageFilterEditorDlg.obj
 0001:000244a0       ?_GetBaseClass@CImageViewportWnd@@KGPAUCRuntimeClass@@XZ 67da54a0 f   ImageViewportWnd.obj
 0001:000244c0       ?GetThisClass@CImageViewportWnd@@SGPAUCRuntimeClass@@XZ 67da54c0 f   ImageViewportWnd.obj
 0001:000244d0       ?GetRuntimeClass@CImageViewportWnd@@UBEPAUCRuntimeClass@@XZ 67da54d0 f   ImageViewportWnd.obj
 0001:000244f0       ??0CImageViewportWnd@@QAE@XZ 67da54f0 f   ImageViewportWnd.obj
 0001:00024670       ??1CImageViewportWnd@@UAE@XZ 67da5670 f   ImageViewportWnd.obj
 0001:00024740       ?AttachSapView@CImageViewportWnd@@QAE_NPAVSapView@@@Z 67da5740 f   ImageViewportWnd.obj
 0001:000247c0       ?ViewCallback@CImageViewportWnd@@CAXPAVSapViewCallbackInfo@@@Z 67da57c0 f   ImageViewportWnd.obj
 0001:00024810       ?AttachEventHandler@CImageViewportWnd@@QAEXPAVCImageViewportWndEventHandler@@@Z 67da5810 f   ImageViewportWnd.obj
 0001:00024830       ?CenterImage@CImageViewportWnd@@QAEX_N@Z 67da5830 f   ImageViewportWnd.obj
 0001:00024880       ?IsImageCentered@CImageViewportWnd@@QBE_NXZ 67da5880 f   ImageViewportWnd.obj
 0001:000248a0       ?OnEraseBkgnd@CImageViewportWnd@@IAEHPAVCDC@@@Z 67da58a0 f   ImageViewportWnd.obj
 0001:000248c0       ?OnPaint@CImageViewportWnd@@IAEXXZ 67da58c0 f   ImageViewportWnd.obj
 0001:00024ba0       ?PaintROI@CImageViewportWnd@@AAEXXZ 67da5ba0 f   ImageViewportWnd.obj
 0001:00025100       ?GetMessageMap@CImageViewportWnd@@MBEPBUAFX_MSGMAP@@XZ 67da6100 f   ImageViewportWnd.obj
 0001:00025130       ?GetThisMessageMap@CImageViewportWnd@@KGPBUAFX_MSGMAP@@XZ 67da6130 f   ImageViewportWnd.obj
 0001:00025140       ?PreSubclassWindow@CImageViewportWnd@@MAEXXZ 67da6140 f   ImageViewportWnd.obj
 0001:00025220       ?PreTranslateMessage@CImageViewportWnd@@MAEHPAUtagMSG@@@Z 67da6220 f   ImageViewportWnd.obj
 0001:00025270       ?OnSize@CImageViewportWnd@@IAEXIHH@Z 67da6270 f   ImageViewportWnd.obj
 0001:00025300       ?OnLButtonDown@CImageViewportWnd@@IAEXIVCPoint@@@Z 67da6300 f   ImageViewportWnd.obj
 0001:00025570       ?OnLButtonUp@CImageViewportWnd@@IAEXIVCPoint@@@Z 67da6570 f   ImageViewportWnd.obj
 0001:00025620       ?OnLButtonDblClk@CImageViewportWnd@@IAEXIVCPoint@@@Z 67da6620 f   ImageViewportWnd.obj
 0001:00025930       ?OnKeyDown@CImageViewportWnd@@IAEXIII@Z 67da6930 f   ImageViewportWnd.obj
 0001:00025ae0       ?OnKeyUp@CImageViewportWnd@@IAEXIII@Z 67da6ae0 f   ImageViewportWnd.obj
 0001:00025b30       ?OnSysKeyDown@CImageViewportWnd@@IAEXIII@Z 67da6b30 f   ImageViewportWnd.obj
 0001:00025c10       ?OnMouseMove@CImageViewportWnd@@IAEXIVCPoint@@@Z 67da6c10 f   ImageViewportWnd.obj
 0001:00025e30       ?OnMouseLeave@CImageViewportWnd@@IAEJIJ@Z 67da6e30 f   ImageViewportWnd.obj
 0001:00025e90       ?OnMouseWheel@CImageViewportWnd@@IAEHIFVCPoint@@@Z 67da6e90 f   ImageViewportWnd.obj
 0001:00026000       ?OnSetCursor@CImageViewportWnd@@IAEHPAVCWnd@@II@Z 67da7000 f   ImageViewportWnd.obj
 0001:00026340       ?NotifyPixelChanged@CImageViewportWnd@@AAEXHH@Z 67da7340 f   ImageViewportWnd.obj
 0001:00026390       ?NotifyScaleChanged@CImageViewportWnd@@AAEXXZ 67da7390 f   ImageViewportWnd.obj
 0001:000263e0       ?NotifyRoiChanged@CImageViewportWnd@@AAEXXZ 67da73e0 f   ImageViewportWnd.obj
 0001:00026430       ?NotifyViewChanged@CImageViewportWnd@@AAEXXZ 67da7430 f   ImageViewportWnd.obj
 0001:00026480       ?UpdateScales@CImageViewportWnd@@AAEXMM@Z 67da7480 f   ImageViewportWnd.obj
 0001:00026b90       ?MoveInView@CImageViewportWnd@@AAEXVCPoint@@@Z 67da7b90 f   ImageViewportWnd.obj
 0001:00026fa0       ?MoveRoi@CImageViewportWnd@@AAEXVCPoint@@@Z 67da7fa0 f   ImageViewportWnd.obj
 0001:000271b0       ?MoveRoiAnchor@CImageViewportWnd@@AAEXVCPoint@@@Z 67da81b0 f   ImageViewportWnd.obj
 0001:00027340       ?TranslatePointToNativeView@CImageViewportWnd@@ABE?AVCPoint@@V2@@Z 67da8340 f   ImageViewportWnd.obj
 0001:000275c0       ?TranslatePointToDestinationView@CImageViewportWnd@@ABE?AVCPoint@@V2@@Z 67da85c0 f   ImageViewportWnd.obj
 0001:00027770       ?GetDstRectFromCurrentScalingOptions@CImageViewportWnd@@ABE?AVCRect@@XZ 67da8770 f   ImageViewportWnd.obj
 0001:00027920       ?ChangeZoom@CImageViewportWnd@@AAEX_N0VCPoint@@00@Z 67da8920 f   ImageViewportWnd.obj
 0001:00027ac0       ?SupportROI@CImageViewportWnd@@QAEX_N@Z 67da8ac0 f   ImageViewportWnd.obj
 0001:00027ae0       ?ActivateROI@CImageViewportWnd@@QAEX_N@Z 67da8ae0 f   ImageViewportWnd.obj
 0001:00027b30       ?SetROI@CImageViewportWnd@@QAEXHHII@Z 67da8b30 f   ImageViewportWnd.obj
 0001:00027bc0       ?SetROI@CImageViewportWnd@@QAEXVCPoint@@0@Z 67da8bc0 f   ImageViewportWnd.obj
 0001:00027c00       ?SetROI@CImageViewportWnd@@QAEXVCRect@@@Z 67da8c00 f   ImageViewportWnd.obj
 0001:00027c90       ?IsRoiSupported@CImageViewportWnd@@QBE_NXZ 67da8c90 f   ImageViewportWnd.obj
 0001:00027cb0       ?IsRoiActive@CImageViewportWnd@@QBE_NXZ 67da8cb0 f   ImageViewportWnd.obj
 0001:00027d00       ?GetROI@CImageViewportWnd@@QBEXAAI000@Z 67da8d00 f   ImageViewportWnd.obj
 0001:00027d60       ?GetROI@CImageViewportWnd@@QBEXAAVCPoint@@0@Z 67da8d60 f   ImageViewportWnd.obj
 0001:00027dc0       ?GetROI@CImageViewportWnd@@QBEXAAVCRect@@@Z 67da8dc0 f   ImageViewportWnd.obj
 0001:00027e00       ?ValidateRoi@CImageViewportWnd@@AAEXXZ 67da8e00 f   ImageViewportWnd.obj
 0001:00027fa0       ?MoveMouseCursor@CImageViewportWnd@@ABEXHH@Z 67da8fa0 f   ImageViewportWnd.obj
 0001:00028100       ?SetPixelStringFormatDecimal@CImageViewportWnd@@QAEX_N@Z 67da9100 f   ImageViewportWnd.obj
 0001:00028120       ?IsPixelStringFormatDecimal@CImageViewportWnd@@QBE_NXZ 67da9120 f   ImageViewportWnd.obj
 0001:00028140       ?GetPixelString@CImageViewportWnd@@QBE?AV?$CStringT@DV?$StrTraitMFC_DLL@DV?$ChTraitsCRT@D@ATL@@@@@ATL@@VCPoint@@@Z 67da9140 f   ImageViewportWnd.obj
 0001:00028290       ?Refresh@CImageViewportWnd@@QAEXXZ 67da9290 f   ImageViewportWnd.obj
 0001:00028370       ?Reset@CImageViewportWnd@@QAEXXZ 67da9370 f   ImageViewportWnd.obj
 0001:00028480       ??0SImageViewportROI@@QAE@XZ 67da9480 f i ImageViewportWnd.obj
 0001:00028540       ??1SImageViewportROI@@QAE@XZ 67da9540 f i ImageViewportWnd.obj
 0001:000285e0       ??_H@YGXPAXIHP6EPAX0@Z@Z   67da95e0 f i ImageViewportWnd.obj
 0001:00028620       ??_GCImageViewportWnd@@UAEPAXI@Z 67da9620 f i ImageViewportWnd.obj
 0001:00028660       ??_ECImageViewportWnd@@UAEPAXI@Z 67da9660 f i ImageViewportWnd.obj
 0001:000286e0       ??0CImageWnd@@QAE@PAVSapView@@PAVCWnd@@PAVCScrollBar@@21@Z 67da96e0 f   ImageWnd.obj
 0001:00028840       ??0CImageWnd@@QAE@PAVSapView@@PAVCWnd@@@Z 67da9840 f   ImageWnd.obj
 0001:00028970       ??1CImageWnd@@UAE@XZ       67da9970 f   ImageWnd.obj
 0001:000289a0       ?GetScrollPos@CImageWnd@@IAEHH@Z 67da99a0 f   ImageWnd.obj
 0001:00028a50       ?GetScrollRange@CImageWnd@@IAEXHPAH0@Z 67da9a50 f   ImageWnd.obj
 0001:00028b10       ?GetScrollInfo@CImageWnd@@IAEHHPAUtagSCROLLINFO@@@Z 67da9b10 f   ImageWnd.obj
 0001:00028bc0       ?SetScrollPos@CImageWnd@@IAEHHHH@Z 67da9bc0 f   ImageWnd.obj
 0001:00028c90       ?SetScrollInfo@CImageWnd@@IAEHHPAUtagSCROLLINFO@@H@Z 67da9c90 f   ImageWnd.obj
 0001:00028d50       ?IsPointInside@CImageWnd@@QAEHVCPoint@@@Z 67da9d50 f   ImageWnd.obj
 0001:00028da0       ?TranslateMousePos@CImageWnd@@QAE?AVCPoint@@V2@@Z 67da9da0 f   ImageWnd.obj
 0001:00028e90       ?TranslatePos@CImageWnd@@QAE?AVCPoint@@V2@@Z 67da9e90 f   ImageWnd.obj
 0001:00029100       ?UntranslatePos@CImageWnd@@QAE?AVCPoint@@V2@@Z 67daa100 f   ImageWnd.obj
 0001:00029330       ?UpdateClientArea@CImageWnd@@QAEXK@Z 67daa330 f   ImageWnd.obj
 0001:000294f0       ?UpdateClientArea@CImageWnd@@QAEXXZ 67daa4f0 f   ImageWnd.obj
 0001:00029570       ?OnMove@CImageWnd@@QAEXXZ  67daa570 f   ImageWnd.obj
 0001:000295e0       ?OnPaint@CImageWnd@@QAEXXZ 67daa5e0 f   ImageWnd.obj
 0001:00029650       ?OnSize@CImageWnd@@QAEXH@Z 67daa650 f   ImageWnd.obj
 0001:00029be0       ?Invalidate@CImageWnd@@QAEXH@Z 67daabe0 f   ImageWnd.obj
 0001:00029c30       ?UpdateScrollBars@CImageWnd@@IAEXXZ 67daac30 f   ImageWnd.obj
 0001:0002a020       ?OnHScroll@CImageWnd@@QAEXII@Z 67dab020 f   ImageWnd.obj
 0001:0002a1c0       ?OnVScroll@CImageWnd@@QAEXII@Z 67dab1c0 f   ImageWnd.obj
 0001:0002a360       ?DisplayRoiTracker@CImageWnd@@QAEXXZ 67dab360 f   ImageWnd.obj
 0001:0002a4f0       ?HideRoiTracker@CImageWnd@@QAEXXZ 67dab4f0 f   ImageWnd.obj
 0001:0002a5a0       ?UpdateRectTracker@CImageWnd@@IAEXXZ 67dab5a0 f   ImageWnd.obj
 0001:0002a640       ?ValidateRoi@CImageWnd@@IAE?AVCRect@@V2@@Z 67dab640 f   ImageWnd.obj
 0001:0002a7d0       ?GetSelectedRoi@CImageWnd@@QAE?AVCRect@@XZ 67dab7d0 f   ImageWnd.obj
 0001:0002a810       ?SelectRoi@CImageWnd@@QAEXVCRect@@@Z 67dab810 f   ImageWnd.obj
 0001:0002a8b0       ?OnLButtonDown@CImageWnd@@QAEHVCPoint@@@Z 67dab8b0 f   ImageWnd.obj
 0001:0002aa80       ?OnSetCursor@CImageWnd@@QAEHI@Z 67daba80 f   ImageWnd.obj
 0001:0002abc0       ?SetPixelStringFormatDecimal@CImageWnd@@QAEXH@Z 67dabbc0 f   ImageWnd.obj
 0001:0002abe0       ?GetPixelString@CImageWnd@@SA?AV?$CStringT@DV?$StrTraitMFC_DLL@DV?$ChTraitsCRT@D@ATL@@@@@ATL@@PAVSapBuffer@@VCPoint@@HH@Z 67dabbe0 f   ImageWnd.obj
 0001:0002bd60       ?GetPixelString@CImageWnd@@QAE?AV?$CStringT@DV?$StrTraitMFC_DLL@DV?$ChTraitsCRT@D@ATL@@@@@ATL@@VCPoint@@@Z 67dacd60 f   ImageWnd.obj
 0001:0002bf10       ?AdjustRect@CSapRectTracker@@UAEXHPAUtagRECT@@@Z 67dacf10 f   ImageWnd.obj
 0001:0002bff0       ?SetLimitRect@CSapRectTracker@@QAEXPAVCRect@@@Z 67dacff0 f   ImageWnd.obj
 0001:0002c040       ??0CSapRectTracker@@QAE@XZ 67dad040 f i ImageWnd.obj
 0001:0002c080       ??_ECImageWnd@@UAEPAXI@Z   67dad080 f i ImageWnd.obj
 0001:0002c100       ??1CSapRectTracker@@UAE@XZ 67dad100 f i ImageWnd.obj
 0001:0002c130       ??_ECSapRectTracker@@UAEPAXI@Z 67dad130 f i ImageWnd.obj
 0001:0002c130       ??_GCSapRectTracker@@UAEPAXI@Z 67dad130 f i ImageWnd.obj
 0001:0002c170       ??0CJpegFileDlg@@QAE@PAVCWnd@@H@Z 67dad170 f   JpegFileDlg.obj
 0001:0002c230       ?OnFinalRelease@CJpegFileDlg@@UAEXXZ 67dad230 f   JpegFileDlg.obj
 0001:0002c260       ?DoDataExchange@CJpegFileDlg@@MAEXPAVCDataExchange@@@Z 67dad260 f   JpegFileDlg.obj
 0001:0002c2c0       ?GetMessageMap@CJpegFileDlg@@MBEPBUAFX_MSGMAP@@XZ 67dad2c0 f   JpegFileDlg.obj
 0001:0002c2f0       ?GetThisMessageMap@CJpegFileDlg@@KGPBUAFX_MSGMAP@@XZ 67dad2f0 f   JpegFileDlg.obj
 0001:0002c300       ?GetThisDispatchMap@CJpegFileDlg@@KGPBUAFX_DISPMAP@@XZ 67dad300 f   JpegFileDlg.obj
 0001:0002c310       ?GetDispatchMap@CJpegFileDlg@@MBEPBUAFX_DISPMAP@@XZ 67dad310 f   JpegFileDlg.obj
 0001:0002c330       ?GetThisInterfaceMap@CJpegFileDlg@@KGPBUAFX_INTERFACEMAP@@XZ 67dad330 f   JpegFileDlg.obj
 0001:0002c340       ?GetInterfaceMap@CJpegFileDlg@@MBEPBUAFX_INTERFACEMAP@@XZ 67dad340 f   JpegFileDlg.obj
 0001:0002c360       ?OnVScroll@CJpegFileDlg@@IAEXIIPAVCScrollBar@@@Z 67dad360 f   JpegFileDlg.obj
 0001:0002c430       ?OnOK@CJpegFileDlg@@MAEXXZ 67dad430 f   JpegFileDlg.obj
 0001:0002c490       ?OnUpdateJpgEditQuality@CJpegFileDlg@@IAEXXZ 67dad490 f   JpegFileDlg.obj
 0001:0002c4c0       ??_GCJpegFileDlg@@UAEPAXI@Z 67dad4c0 f i JpegFileDlg.obj
 0001:0002c4c0       ??_ECJpegFileDlg@@UAEPAXI@Z 67dad4c0 f i JpegFileDlg.obj
 0001:0002c500       ??1CJpegFileDlg@@UAE@XZ    67dad500 f i JpegFileDlg.obj
 0001:0002c530       ?_GetBaseClass@CLoadSaveDlg@@KGPAUCRuntimeClass@@XZ 67dad530 f   LoadSaveDlg.obj
 0001:0002c550       ?GetThisClass@CLoadSaveDlg@@SGPAUCRuntimeClass@@XZ 67dad550 f   LoadSaveDlg.obj
 0001:0002c560       ?GetRuntimeClass@CLoadSaveDlg@@UBEPAUCRuntimeClass@@XZ 67dad560 f   LoadSaveDlg.obj
 0001:0002c580       ??0CLoadSaveDlg@@QAE@PAVCWnd@@PAVSapBuffer@@HH@Z 67dad580 f   LoadSaveDlg.obj
 0001:0002c6d0       ?UpdateBuffer@CLoadSaveDlg@@IAEHXZ 67dad6d0 f   LoadSaveDlg.obj
 0001:0002cb80       ?DoModal@CLoadSaveDlg@@UAEHXZ 67dadb80 f   LoadSaveDlg.obj
 0001:0002cc40       ?LoadSettings@CLoadSaveDlg@@IAEXXZ 67dadc40 f   LoadSaveDlg.obj
 0001:0002cd80       ?SaveSettings@CLoadSaveDlg@@IAEXXZ 67dadd80 f   LoadSaveDlg.obj
 0001:0002cea0       ?SetOptions@CLoadSaveDlg@@IAEHXZ 67dadea0 f   LoadSaveDlg.obj
 0001:0002d070       ?AddTiffOptions@CLoadSaveDlg@@IAEHXZ 67dae070 f   LoadSaveDlg.obj
 0001:0002d2a0       ?AddRawOptions@CLoadSaveDlg@@IAEHXZ 67dae2a0 f   LoadSaveDlg.obj
 0001:0002d560       ?AddJpegOptions@CLoadSaveDlg@@IAEHXZ 67dae560 f   LoadSaveDlg.obj
 0001:0002d6f0       ?AddAviOptions@CLoadSaveDlg@@IAEHXZ 67dae6f0 f   LoadSaveDlg.obj
 0001:0002d810       ?SetFilterIndex@CLoadSaveDlg@@IAEXXZ 67dae810 f   LoadSaveDlg.obj
 0001:0002d8e0       ?OnTypeChange@CLoadSaveDlg@@MAEXXZ 67dae8e0 f   LoadSaveDlg.obj
 0001:0002da00       ?GetMessageMap@CLoadSaveDlg@@MBEPBUAFX_MSGMAP@@XZ 67daea00 f   LoadSaveDlg.obj
 0001:0002da30       ?GetThisMessageMap@CLoadSaveDlg@@KGPBUAFX_MSGMAP@@XZ 67daea30 f   LoadSaveDlg.obj
 0001:0002db20       ?GetCompressionLevel@CTiffFileDlg@@QAEHXZ 67daeb20 f i LoadSaveDlg.obj
 0001:0002db40       ?GetCompressionType@CTiffFileDlg@@QAEHXZ 67daeb40 f i LoadSaveDlg.obj
 0001:0002db60       ??1CTiffFileDlg@@UAE@XZ    67daeb60 f i LoadSaveDlg.obj
 0001:0002db90       ?GetRawFileWidth@CRawFileDlg@@QAEHXZ 67daeb90 f i LoadSaveDlg.obj
 0001:0002dbb0       ?GetRawFileHeight@CRawFileDlg@@QAEHXZ 67daebb0 f i LoadSaveDlg.obj
 0001:0002dbd0       ?GetRawFileOffset@CRawFileDlg@@QAEHXZ 67daebd0 f i LoadSaveDlg.obj
 0001:0002dbf0       ?GetRawFileFormat@CRawFileDlg@@QAEHXZ 67daebf0 f i LoadSaveDlg.obj
 0001:0002dc10       ??1CRawFileDlg@@UAE@XZ     67daec10 f i LoadSaveDlg.obj
 0001:0002dc80       ?GetJpegFileQuality@CJpegFileDlg@@QAEHXZ 67daec80 f i LoadSaveDlg.obj
 0001:0002dca0       ?GetFirstFrame@CAviFileDlg@@QAEHXZ 67daeca0 f i LoadSaveDlg.obj
 0001:0002dcc0       ??_GCLoadSaveDlg@@UAEPAXI@Z 67daecc0 f i LoadSaveDlg.obj
 0001:0002dd00       ??_ECLoadSaveDlg@@UAEPAXI@Z 67daed00 f i LoadSaveDlg.obj
 0001:0002dd80       ??0CLScanDlg@@QAE@PAVCWnd@@PAVSapAcquisition@@@Z 67daed80 f   LScanDlg.obj
 0001:0002dec0       ?DoDataExchange@CLScanDlg@@MAEXPAVCDataExchange@@@Z 67daeec0 f   LScanDlg.obj
 0001:0002dfe0       ?GetMessageMap@CLScanDlg@@MBEPBUAFX_MSGMAP@@XZ 67daefe0 f   LScanDlg.obj
 0001:0002e010       ?GetThisMessageMap@CLScanDlg@@KGPBUAFX_MSGMAP@@XZ 67daf010 f   LScanDlg.obj
 0001:0002e020       ?OnOK@CLScanDlg@@MAEXXZ    67daf020 f   LScanDlg.obj
 0001:0002e780       ?OnInitDialog@CLScanDlg@@MAEHXZ 67daf780 f   LScanDlg.obj
 0001:0002f6c0       ?UpdateWindow@CLScanDlg@@IAEXXZ 67db06c0 f   LScanDlg.obj
 0001:0002fa60       ?OnKillfocusEditLineIntegration@CLScanDlg@@IAEXXZ 67db0a60 f   LScanDlg.obj
 0001:0002faa0       ?OnExternalFrameTriggerEnable@CLScanDlg@@IAEXXZ 67db0aa0 f   LScanDlg.obj
 0001:0002fb50       ?OnExternalLineTriggerEnable@CLScanDlg@@IAEXXZ 67db0b50 f   LScanDlg.obj
 0001:0002fc20       ?OnLineIntegrate@CLScanDlg@@IAEXXZ 67db0c20 f   LScanDlg.obj
 0001:0002fc50       ?OnVScroll@CLScanDlg@@IAEXIIPAVCScrollBar@@@Z 67db0c50 f   LScanDlg.obj
 0001:0002fda0       ?VerifyLineIntegrateDuration@CLScanDlg@@IAEXXZ 67db0da0 f   LScanDlg.obj
 0001:0002ff50       ?OnInternalLineTriggerEnable@CLScanDlg@@IAEXXZ 67db0f50 f   LScanDlg.obj
 0001:0002ffe0       ?OnLineIntegrateEnable@CLScanDlg@@IAEXXZ 67db0fe0 f   LScanDlg.obj
 0001:00030060       ?OnShaftEncoderEnable@CLScanDlg@@IAEXXZ 67db1060 f   LScanDlg.obj
 0001:000301e0       ??_ECLScanDlg@@WJE@AEPAXI@Z 67db11e0 f i LScanDlg.obj
 0001:000301f0       ??_GCLScanDlg@@UAEPAXI@Z   67db11f0 f i LScanDlg.obj
 0001:00030230       ??1CLScanDlg@@UAE@XZ       67db1230 f i LScanDlg.obj
 0001:000302d0       ??_ECLScanDlg@@UAEPAXI@Z   67db12d0 f i LScanDlg.obj
 0001:00030350       ??0CPixProAbsSubDlg@@QAE@PAVCWnd@@PAUCORPPL_FCT_PROP@@PAVSapPixProParams@@@Z 67db1350 f   PixProAbsSubDlg.obj
 0001:000303e0       ?DoDataExchange@CPixProAbsSubDlg@@MAEXPAVCDataExchange@@@Z 67db13e0 f   PixProAbsSubDlg.obj
 0001:00030410       ?GetMessageMap@CPixProAbsSubDlg@@MBEPBUAFX_MSGMAP@@XZ 67db1410 f   PixProAbsSubDlg.obj
 0001:00030440       ?GetThisMessageMap@CPixProAbsSubDlg@@KGPBUAFX_MSGMAP@@XZ 67db1440 f   PixProAbsSubDlg.obj
 0001:00030450       ?OnInitDialog@CPixProAbsSubDlg@@MAEHXZ 67db1450 f   PixProAbsSubDlg.obj
 0001:00030510       ?OnPixproSdramBank0@CPixProAbsSubDlg@@IAEXXZ 67db1510 f   PixProAbsSubDlg.obj
 0001:00030530       ?OnPixproSdramBank1@CPixProAbsSubDlg@@IAEXXZ 67db1530 f   PixProAbsSubDlg.obj
 0001:00030550       ?OnPixproAbsSub@CPixProAbsSubDlg@@IAEXXZ 67db1550 f   PixProAbsSubDlg.obj
 0001:00030570       ?OnPixproRefImage@CPixProAbsSubDlg@@IAEXXZ 67db1570 f   PixProAbsSubDlg.obj
 0001:00030590       ?OnOK@CPixProAbsSubDlg@@MAEXXZ 67db1590 f   PixProAbsSubDlg.obj
 0001:00030600       ??_GCPixProAbsSubDlg@@UAEPAXI@Z 67db1600 f i PixProAbsSubDlg.obj
 0001:00030600       ??_ECPixProAbsSubDlg@@UAEPAXI@Z 67db1600 f i PixProAbsSubDlg.obj
 0001:00030640       ??1CPixProAbsSubDlg@@UAE@XZ 67db1640 f i PixProAbsSubDlg.obj
 0001:00030670       ??0CPixProDlg@@QAE@PAVCWnd@@PAVSapPixPro@@PAVSapXferNode@@@Z 67db1670 f   PixProDlg.obj
 0001:00030920       ?LoadSettings@CPixProDlg@@IAEXXZ 67db1920 f   PixProDlg.obj
 0001:00030b70       ?SaveSettings@CPixProDlg@@IAEXXZ 67db1b70 f   PixProDlg.obj
 0001:00030d10       ?SetDirectories@CPixProDlg@@IAEXXZ 67db1d10 f   PixProDlg.obj
 0001:00031040       ?DoDataExchange@CPixProDlg@@MAEXPAVCDataExchange@@@Z 67db2040 f   PixProDlg.obj
 0001:00031100       ?GetMessageMap@CPixProDlg@@MBEPBUAFX_MSGMAP@@XZ 67db2100 f   PixProDlg.obj
 0001:00031130       ?GetThisMessageMap@CPixProDlg@@KGPBUAFX_MSGMAP@@XZ 67db2130 f   PixProDlg.obj
 0001:00031140       ?OnInitDialog@CPixProDlg@@MAEHXZ 67db2140 f   PixProDlg.obj
 0001:00031190       ?OnBrowse@CPixProDlg@@IAEXXZ 67db2190 f   PixProDlg.obj
 0001:000312e0       ?OnOK@CPixProDlg@@MAEXXZ   67db22e0 f   PixProDlg.obj
 0001:000317f0       ?OnKillfocusEditPath@CPixProDlg@@IAEXXZ 67db27f0 f   PixProDlg.obj
 0001:000318a0       ?UpdateCurrentDir@CPixProDlg@@IAEXPAD@Z 67db28a0 f   PixProDlg.obj
 0001:00031950       ?UpdateNames@CPixProDlg@@IAEXXZ 67db2950 f   PixProDlg.obj
 0001:00031cd0       ?UpdateBoxAvailability@CPixProDlg@@IAEXXZ 67db2cd0 f   PixProDlg.obj
 0001:00031d90       ?OnSelchangeCombo@CPixProDlg@@IAEXXZ 67db2d90 f   PixProDlg.obj
 0001:00031e30       ?FillFunctionCombo@CPixProDlg@@IAEXXZ 67db2e30 f   PixProDlg.obj
 0001:00032280       ?OnSelchangeFunction@CPixProDlg@@IAEXXZ 67db3280 f   PixProDlg.obj
 0001:00032540       ??1CPixProRefImageDlg@@UAE@XZ 67db3540 f i PixProDlg.obj
 0001:00032570       ??1CPixProUflowSubDlg@@UAE@XZ 67db3570 f i PixProDlg.obj
 0001:000325a0       ??1CPixProWAvgDlg@@UAE@XZ  67db35a0 f i PixProDlg.obj
 0001:00032610       ??1CPixProIntScaleDlg@@UAE@XZ 67db3610 f i PixProDlg.obj
 0001:00032680       ??_GCPixProDlg@@UAEPAXI@Z  67db3680 f i PixProDlg.obj
 0001:000326c0       ??1CPixProDlg@@UAE@XZ      67db36c0 f i PixProDlg.obj
 0001:00032780       ??_ECPixProDlg@@UAEPAXI@Z  67db3780 f i PixProDlg.obj
 0001:00032800       ??0CPixProIntScaleDlg@@QAE@PAVCWnd@@PAUCORPPL_FCT_PROP@@PAVSapPixProParams@@@Z 67db3800 f   PixProIntScaleDlg.obj
 0001:000328e0       ?DoDataExchange@CPixProIntScaleDlg@@MAEXPAVCDataExchange@@@Z 67db38e0 f   PixProIntScaleDlg.obj
 0001:00032940       ?GetMessageMap@CPixProIntScaleDlg@@MBEPBUAFX_MSGMAP@@XZ 67db3940 f   PixProIntScaleDlg.obj
 0001:00032970       ?GetThisMessageMap@CPixProIntScaleDlg@@KGPBUAFX_MSGMAP@@XZ 67db3970 f   PixProIntScaleDlg.obj
 0001:00032980       ?OnInitDialog@CPixProIntScaleDlg@@MAEHXZ 67db3980 f   PixProIntScaleDlg.obj
 0001:00032a90       ?OnPixproSdramBank0@CPixProIntScaleDlg@@IAEXXZ 67db3a90 f   PixProIntScaleDlg.obj
 0001:00032ab0       ?OnPixproSdramBank1@CPixProIntScaleDlg@@IAEXXZ 67db3ab0 f   PixProIntScaleDlg.obj
 0001:00032ad0       ?OnSelchangeCount@CPixProIntScaleDlg@@IAEXXZ 67db3ad0 f   PixProIntScaleDlg.obj
 0001:00032b20       ?OnOK@CPixProIntScaleDlg@@MAEXXZ 67db3b20 f   PixProIntScaleDlg.obj
 0001:00032bb0       ??_GCPixProIntScaleDlg@@UAEPAXI@Z 67db3bb0 f i PixProIntScaleDlg.obj
 0001:00032bb0       ??_ECPixProIntScaleDlg@@UAEPAXI@Z 67db3bb0 f i PixProIntScaleDlg.obj
 0001:00032bf0       ??0CPixProRefImageDlg@@QAE@PAVCWnd@@PAUCORPPL_FCT_PROP@@PAVSapPixProParams@@@Z 67db3bf0 f   PixProRefImageDlg.obj
 0001:00032c70       ?DoDataExchange@CPixProRefImageDlg@@MAEXPAVCDataExchange@@@Z 67db3c70 f   PixProRefImageDlg.obj
 0001:00032ca0       ?GetMessageMap@CPixProRefImageDlg@@MBEPBUAFX_MSGMAP@@XZ 67db3ca0 f   PixProRefImageDlg.obj
 0001:00032cd0       ?GetThisMessageMap@CPixProRefImageDlg@@KGPBUAFX_MSGMAP@@XZ 67db3cd0 f   PixProRefImageDlg.obj
 0001:00032ce0       ?OnInitDialog@CPixProRefImageDlg@@MAEHXZ 67db3ce0 f   PixProRefImageDlg.obj
 0001:00032d90       ?OnPixproSdramBank0@CPixProRefImageDlg@@IAEXXZ 67db3d90 f   PixProRefImageDlg.obj
 0001:00032db0       ?OnPixproSdramBank1@CPixProRefImageDlg@@IAEXXZ 67db3db0 f   PixProRefImageDlg.obj
 0001:00032dd0       ?OnOK@CPixProRefImageDlg@@MAEXXZ 67db3dd0 f   PixProRefImageDlg.obj
 0001:00032e20       ??_ECPixProRefImageDlg@@UAEPAXI@Z 67db3e20 f i PixProRefImageDlg.obj
 0001:00032e20       ??_GCPixProRefImageDlg@@UAEPAXI@Z 67db3e20 f i PixProRefImageDlg.obj
 0001:00032e60       ??0CPixProUflowSubDlg@@QAE@PAVCWnd@@PAUCORPPL_FCT_PROP@@PAVSapPixProParams@@@Z 67db3e60 f   PixProUflowSubDlg.obj
 0001:00032ef0       ?DoDataExchange@CPixProUflowSubDlg@@MAEXPAVCDataExchange@@@Z 67db3ef0 f   PixProUflowSubDlg.obj
 0001:00032f20       ?GetMessageMap@CPixProUflowSubDlg@@MBEPBUAFX_MSGMAP@@XZ 67db3f20 f   PixProUflowSubDlg.obj
 0001:00032f50       ?GetThisMessageMap@CPixProUflowSubDlg@@KGPBUAFX_MSGMAP@@XZ 67db3f50 f   PixProUflowSubDlg.obj
 0001:00032f60       ?OnInitDialog@CPixProUflowSubDlg@@MAEHXZ 67db3f60 f   PixProUflowSubDlg.obj
 0001:00033020       ?OnPixproSdramBank0@CPixProUflowSubDlg@@IAEXXZ 67db4020 f   PixProUflowSubDlg.obj
 0001:00033040       ?OnPixproSdramBank1@CPixProUflowSubDlg@@IAEXXZ 67db4040 f   PixProUflowSubDlg.obj
 0001:00033060       ?OnPixproUflowSub@CPixProUflowSubDlg@@IAEXXZ 67db4060 f   PixProUflowSubDlg.obj
 0001:00033080       ?OnPixproRefImage@CPixProUflowSubDlg@@IAEXXZ 67db4080 f   PixProUflowSubDlg.obj
 0001:000330a0       ?OnOK@CPixProUflowSubDlg@@MAEXXZ 67db40a0 f   PixProUflowSubDlg.obj
 0001:00033110       ??_ECPixProUflowSubDlg@@UAEPAXI@Z 67db4110 f i PixProUflowSubDlg.obj
 0001:00033110       ??_GCPixProUflowSubDlg@@UAEPAXI@Z 67db4110 f i PixProUflowSubDlg.obj
 0001:00033150       ??0CPixProWAvgDlg@@QAE@PAVCWnd@@PAUCORPPL_FCT_PROP@@PAVSapPixProParams@@@Z 67db4150 f   PixProWAvgDlg.obj
 0001:00033230       ?DoDataExchange@CPixProWAvgDlg@@MAEXPAVCDataExchange@@@Z 67db4230 f   PixProWAvgDlg.obj
 0001:00033280       ?GetMessageMap@CPixProWAvgDlg@@MBEPBUAFX_MSGMAP@@XZ 67db4280 f   PixProWAvgDlg.obj
 0001:000332b0       ?GetThisMessageMap@CPixProWAvgDlg@@KGPBUAFX_MSGMAP@@XZ 67db42b0 f   PixProWAvgDlg.obj
 0001:000332c0       ?OnInitDialog@CPixProWAvgDlg@@MAEHXZ 67db42c0 f   PixProWAvgDlg.obj
 0001:00033400       ?OnPixproSdramBank0@CPixProWAvgDlg@@IAEXXZ 67db4400 f   PixProWAvgDlg.obj
 0001:00033420       ?OnPixproSdramBank1@CPixProWAvgDlg@@IAEXXZ 67db4420 f   PixProWAvgDlg.obj
 0001:00033440       ?OnPixproWeightedAvg@CPixProWAvgDlg@@IAEXXZ 67db4440 f   PixProWAvgDlg.obj
 0001:00033460       ?OnPixproRefImage@CPixProWAvgDlg@@IAEXXZ 67db4460 f   PixProWAvgDlg.obj
 0001:00033480       ?OnSelchangeFactor@CPixProWAvgDlg@@IAEXXZ 67db4480 f   PixProWAvgDlg.obj
 0001:000334d0       ?OnOK@CPixProWAvgDlg@@MAEXXZ 67db44d0 f   PixProWAvgDlg.obj
 0001:00033560       ??_ECPixProWAvgDlg@@UAEPAXI@Z 67db4560 f i PixProWAvgDlg.obj
 0001:00033560       ??_GCPixProWAvgDlg@@UAEPAXI@Z 67db4560 f i PixProWAvgDlg.obj
 0001:000335a0       ??0CRawFileDlg@@QAE@PAVCWnd@@HHHH@Z 67db45a0 f   RawFileDlg.obj
 0001:00033700       ?DoDataExchange@CRawFileDlg@@MAEXPAVCDataExchange@@@Z 67db4700 f   RawFileDlg.obj
 0001:00033790       ?GetMessageMap@CRawFileDlg@@MBEPBUAFX_MSGMAP@@XZ 67db4790 f   RawFileDlg.obj
 0001:000337c0       ?GetThisMessageMap@CRawFileDlg@@KGPBUAFX_MSGMAP@@XZ 67db47c0 f   RawFileDlg.obj
 0001:000337d0       ?OnOK@CRawFileDlg@@MAEXXZ  67db47d0 f   RawFileDlg.obj
 0001:00033910       ?OnInitDialog@CRawFileDlg@@MAEHXZ 67db4910 f   RawFileDlg.obj
 0001:00033a80       ?OnSelchangeComboFormat@CRawFileDlg@@IAEXXZ 67db4a80 f   RawFileDlg.obj
 0001:00033ae0       ??_ECRawFileDlg@@UAEPAXI@Z 67db4ae0 f i RawFileDlg.obj
 0001:00033ae0       ??_GCRawFileDlg@@UAEPAXI@Z 67db4ae0 f i RawFileDlg.obj
 0001:00033b20       _ExtRawDllMain@12          67db4b20 f   SapClassGui.obj
 0001:00033b90       ?SapClassGuiInitModule@@YAXXZ 67db4b90 f   SapClassGui.obj
 0001:00033c30       _DllMain@12                67db4c30 f   SapClassGui.obj
 0001:00033d20       ??B?$CTypedSimpleList@PAUCRuntimeClass@@@@QAEPAUCRuntimeClass@@XZ 67db4d20 f i SapClassGui.obj
 0001:00033d50       ??B?$CTypedSimpleList@PAVCOleObjectFactory@@@@QAEPAVCOleObjectFactory@@XZ 67db4d50 f i SapClassGui.obj
 0001:00033d80       ??0CTraceFileAndLineInfo@ATL@@QAE@PBDH@Z 67db4d80 f i SapClassGui.obj
 0001:00033db0       ??RCTraceFileAndLineInfo@ATL@@QBAXPBDZZ 67db4db0 f i SapClassGui.obj
[...]
 0001:00042160       __unwindfunclet$??1SImageViewportROI@@QAE@XZ$0 67dc3160 f   ImageViewportWnd.obj
 0001:0004216e       __unwindfunclet$??1SImageViewportROI@@QAE@XZ$1 67dc316e f   ImageViewportWnd.obj
 0001:0004217c       __unwindfunclet$??1SImageViewportROI@@QAE@XZ$2 67dc317c f   ImageViewportWnd.obj
 0001:0004218a       __ehhandler$??1SImageViewportROI@@QAE@XZ 67dc318a f   ImageViewportWnd.obj
 0001:000421b0       __unwindfunclet$??0CImageWnd@@QAE@PAVSapView@@PAVCWnd@@PAVCScrollBar@@21@Z$0 67dc31b0 f   ImageWnd.obj
 0001:000421bb       __ehhandler$??0CImageWnd@@QAE@PAVSapView@@PAVCWnd@@PAVCScrollBar@@21@Z 67dc31bb f   ImageWnd.obj
 0001:000421e0       __unwindfunclet$??0CImageWnd@@QAE@PAVSapView@@PAVCWnd@@@Z$0 67dc31e0 f   ImageWnd.obj
 0001:000421eb       __ehhandler$??0CImageWnd@@QAE@PAVSapView@@PAVCWnd@@@Z 67dc31eb f   ImageWnd.obj
 0001:00042210       __unwindfunclet$?DisplayRoiTracker@CImageWnd@@QAEXXZ$0 67dc3210 f   ImageWnd.obj
 0001:00042218       __unwindfunclet$?DisplayRoiTracker@CImageWnd@@QAEXXZ$1 67dc3218 f   ImageWnd.obj
 0001:00042220       __ehhandler$?DisplayRoiTracker@CImageWnd@@QAEXXZ 67dc3220 f   ImageWnd.obj
 0001:00042245       __unwindfunclet$?GetPixelString@CImageWnd@@SA?AV?$CStringT@DV?$StrTraitMFC_DLL@DV?$ChTraitsCRT@D@ATL@@@@@ATL@@PAVSapBuffer@@VCPoint@@HH@Z$0 67dc3245 f   ImageWnd.obj
 0001:00042257       __unwindfunclet$?GetPixelString@CImageWnd@@SA?AV?$CStringT@DV?$StrTraitMFC_DLL@DV?$ChTraitsCRT@D@ATL@@@@@ATL@@PAVSapBuffer@@VCPoint@@HH@Z$1 67dc3257 f   ImageWnd.obj
 0001:00042269       __unwindfunclet$?GetPixelString@CImageWnd@@SA?AV?$CStringT@DV?$StrTraitMFC_DLL@DV?$ChTraitsCRT@D@ATL@@@@@ATL@@PAVSapBuffer@@VCPoint@@HH@Z$2 67dc3269 f   ImageWnd.obj
 0001:0004227b       __unwindfunclet$?GetPixelString@CImageWnd@@SA?AV?$CStringT@DV?$StrTraitMFC_DLL@DV?$ChTraitsCRT@D@ATL@@@@@ATL@@PAVSapBuffer@@VCPoint@@HH@Z$3 67dc327b f   ImageWnd.obj
 0001:0004228d       __unwindfunclet$?GetPixelString@CImageWnd@@SA?AV?$CStringT@DV?$StrTraitMFC_DLL@DV?$ChTraitsCRT@D@ATL@@@@@ATL@@PAVSapBuffer@@VCPoint@@HH@Z$4 67dc328d f   ImageWnd.obj
 0001:0004229f       __unwindfunclet$?GetPixelString@CImageWnd@@SA?AV?$CStringT@DV?$StrTraitMFC_DLL@DV?$ChTraitsCRT@D@ATL@@@@@ATL@@PAVSapBuffer@@VCPoint@@HH@Z$5 67dc329f f   ImageWnd.obj
 0001:000422b4       __unwindfunclet$?GetPixelString@CImageWnd@@SA?AV?$CStringT@DV?$StrTraitMFC_DLL@DV?$ChTraitsCRT@D@ATL@@@@@ATL@@PAVSapBuffer@@VCPoint@@HH@Z$6 67dc32b4 f   ImageWnd.obj
 0001:000422c9       __unwindfunclet$?GetPixelString@CImageWnd@@SA?AV?$CStringT@DV?$StrTraitMFC_DLL@DV?$ChTraitsCRT@D@ATL@@@@@ATL@@PAVSapBuffer@@VCPoint@@HH@Z$7 67dc32c9 f   ImageWnd.obj
 0001:000422de       __unwindfunclet$?GetPixelString@CImageWnd@@SA?AV?$CStringT@DV?$StrTraitMFC_DLL@DV?$ChTraitsCRT@D@ATL@@@@@ATL@@PAVSapBuffer@@VCPoint@@HH@Z$8 67dc32de f   ImageWnd.obj
 0001:000422f3       __unwindfunclet$?GetPixelString@CImageWnd@@SA?AV?$CStringT@DV?$StrTraitMFC_DLL@DV?$ChTraitsCRT@D@ATL@@@@@ATL@@PAVSapBuffer@@VCPoint@@HH@Z$9 67dc32f3 f   ImageWnd.obj
 0001:00042308       __unwindfunclet$?GetPixelString@CImageWnd@@SA?AV?$CStringT@DV?$StrTraitMFC_DLL@DV?$ChTraitsCRT@D@ATL@@@@@ATL@@PAVSapBuffer@@VCPoint@@HH@Z$10 67dc3308 f   ImageWnd.obj
 0001:0004231d       __unwindfunclet$?GetPixelString@CImageWnd@@SA?AV?$CStringT@DV?$StrTraitMFC_DLL@DV?$ChTraitsCRT@D@ATL@@@@@ATL@@PAVSapBuffer@@VCPoint@@HH@Z$11 67dc331d f   ImageWnd.obj
 0001:00042332       __unwindfunclet$?GetPixelString@CImageWnd@@SA?AV?$CStringT@DV?$StrTraitMFC_DLL@DV?$ChTraitsCRT@D@ATL@@@@@ATL@@PAVSapBuffer@@VCPoint@@HH@Z$12 67dc3332 f   ImageWnd.obj
 0001:00042347       __unwindfunclet$?GetPixelString@CImageWnd@@SA?AV?$CStringT@DV?$StrTraitMFC_DLL@DV?$ChTraitsCRT@D@ATL@@@@@ATL@@PAVSapBuffer@@VCPoint@@HH@Z$13 67dc3347 f   ImageWnd.obj
 0001:0004235c       __unwindfunclet$?GetPixelString@CImageWnd@@SA?AV?$CStringT@DV?$StrTraitMFC_DLL@DV?$ChTraitsCRT@D@ATL@@@@@ATL@@PAVSapBuffer@@VCPoint@@HH@Z$14 67dc335c f   ImageWnd.obj
 0001:00042371       __unwindfunclet$?GetPixelString@CImageWnd@@SA?AV?$CStringT@DV?$StrTraitMFC_DLL@DV?$ChTraitsCRT@D@ATL@@@@@ATL@@PAVSapBuffer@@VCPoint@@HH@Z$15 67dc3371 f   ImageWnd.obj
 0001:00042386       __ehhandler$?GetPixelString@CImageWnd@@SA?AV?$CStringT@DV?$StrTraitMFC_DLL@DV?$ChTraitsCRT@D@ATL@@@@@ATL@@PAVSapBuffer@@VCPoint@@HH@Z 67dc3386 f   ImageWnd.obj
 0001:000423b0       __unwindfunclet$??0CJpegFileDlg@@QAE@PAVCWnd@@H@Z$0 67dc33b0 f   JpegFileDlg.obj
 0001:000423b8       __ehhandler$??0CJpegFileDlg@@QAE@PAVCWnd@@H@Z 67dc33b8 f   JpegFileDlg.obj
 0001:000423e0       __unwindfunclet$??0CLoadSaveDlg@@QAE@PAVCWnd@@PAVSapBuffer@@HH@Z$0 67dc33e0 f   LoadSaveDlg.obj
 0001:000423e8       __unwindfunclet$??0CLoadSaveDlg@@QAE@PAVCWnd@@PAVSapBuffer@@HH@Z$1 67dc33e8 f   LoadSaveDlg.obj
 0001:00042400       __ehhandler$??0CLoadSaveDlg@@QAE@PAVCWnd@@PAVSapBuffer@@HH@Z 67dc3400 f   LoadSaveDlg.obj
 0001:0004241b       __unwindfunclet$?UpdateBuffer@CLoadSaveDlg@@IAEHXZ$0 67dc341b f   LoadSaveDlg.obj
 0001:00042423       __unwindfunclet$?UpdateBuffer@CLoadSaveDlg@@IAEHXZ$1 67dc3423 f   LoadSaveDlg.obj
 0001:00042435       __unwindfunclet$?UpdateBuffer@CLoadSaveDlg@@IAEHXZ$2 67dc3435 f   LoadSaveDlg.obj
 0001:00042447       __unwindfunclet$?UpdateBuffer@CLoadSaveDlg@@IAEHXZ$3 67dc3447 f   LoadSaveDlg.obj
 0001:00042459       __unwindfunclet$?UpdateBuffer@CLoadSaveDlg@@IAEHXZ$4 67dc3459 f   LoadSaveDlg.obj
 0001:0004246b       __unwindfunclet$?UpdateBuffer@CLoadSaveDlg@@IAEHXZ$5 67dc346b f   LoadSaveDlg.obj
 0001:0004247d       __ehhandler$?UpdateBuffer@CLoadSaveDlg@@IAEHXZ 67dc347d f   LoadSaveDlg.obj
 0001:00042498       __unwindfunclet$?LoadSettings@CLoadSaveDlg@@IAEXXZ$0 67dc3498 f   LoadSaveDlg.obj
 0001:000424aa       __ehhandler$?LoadSettings@CLoadSaveDlg@@IAEXXZ 67dc34aa f   LoadSaveDlg.obj
 0001:000424c5       __unwindfunclet$?SaveSettings@CLoadSaveDlg@@IAEXXZ$0 67dc34c5 f   LoadSaveDlg.obj
 0001:000424d7       __ehhandler$?SaveSettings@CLoadSaveDlg@@IAEXXZ 67dc34d7 f   LoadSaveDlg.obj
 0001:000424f2       __unwindfunclet$?AddTiffOptions@CLoadSaveDlg@@IAEHXZ$0 67dc34f2 f   LoadSaveDlg.obj
 0001:000424fd       __unwindfunclet$?AddTiffOptions@CLoadSaveDlg@@IAEHXZ$1 67dc34fd f   LoadSaveDlg.obj
 0001:00042512       __unwindfunclet$?AddTiffOptions@CLoadSaveDlg@@IAEHXZ$2 67dc3512 f   LoadSaveDlg.obj
 0001:00042527       __ehhandler$?AddTiffOptions@CLoadSaveDlg@@IAEHXZ 67dc3527 f   LoadSaveDlg.obj
 0001:00042545       __unwindfunclet$?AddRawOptions@CLoadSaveDlg@@IAEHXZ$0 67dc3545 f   LoadSaveDlg.obj
 0001:00042550       __unwindfunclet$?AddRawOptions@CLoadSaveDlg@@IAEHXZ$1 67dc3550 f   LoadSaveDlg.obj
 0001:00042565       __ehhandler$?AddRawOptions@CLoadSaveDlg@@IAEHXZ 67dc3565 f   LoadSaveDlg.obj
 0001:00042583       __unwindfunclet$?AddJpegOptions@CLoadSaveDlg@@IAEHXZ$0 67dc3583 f   LoadSaveDlg.obj
 0001:0004258e       __unwindfunclet$?AddJpegOptions@CLoadSaveDlg@@IAEHXZ$1 67dc358e f   LoadSaveDlg.obj
 0001:000425a3       __ehhandler$?AddJpegOptions@CLoadSaveDlg@@IAEHXZ 67dc35a3 f   LoadSaveDlg.obj
 0001:000425c1       __unwindfunclet$?AddAviOptions@CLoadSaveDlg@@IAEHXZ$0 67dc35c1 f   LoadSaveDlg.obj
 0001:000425cc       __ehhandler$?AddAviOptions@CLoadSaveDlg@@IAEHXZ 67dc35cc f   LoadSaveDlg.obj
 0001:000425ea       __unwindfunclet$?OnTypeChange@CLoadSaveDlg@@MAEXXZ$0 67dc35ea f   LoadSaveDlg.obj
 0001:000425fc       __ehhandler$?OnTypeChange@CLoadSaveDlg@@MAEXXZ 67dc35fc f   LoadSaveDlg.obj
 0001:00042620       __unwindfunclet$??1CRawFileDlg@@UAE@XZ$0 67dc3620 f   LoadSaveDlg.obj
 0001:00042628       __ehhandler$??1CRawFileDlg@@UAE@XZ 67dc3628 f   LoadSaveDlg.obj
 0001:00042650       __unwindfunclet$??0CLScanDlg@@QAE@PAVCWnd@@PAVSapAcquisition@@@Z$0 67dc3650 f   LScanDlg.obj
 0001:00042658       __unwindfunclet$??0CLScanDlg@@QAE@PAVCWnd@@PAVSapAcquisition@@@Z$1 67dc3658 f   LScanDlg.obj
 0001:00042670       __unwindfunclet$??0CLScanDlg@@QAE@PAVCWnd@@PAVSapAcquisition@@@Z$2 67dc3670 f   LScanDlg.obj
 0001:0004267e       __ehhandler$??0CLScanDlg@@QAE@PAVCWnd@@PAVSapAcquisition@@@Z 67dc367e f   LScanDlg.obj
 0001:00042699       __unwindfunclet$?VerifyLineIntegrateDuration@CLScanDlg@@IAEXXZ$0 67dc3699 f   LScanDlg.obj
 0001:000426ae       __ehhandler$?VerifyLineIntegrateDuration@CLScanDlg@@IAEXXZ 67dc36ae f   LScanDlg.obj
 0001:000426e0       __unwindfunclet$??1CLScanDlg@@UAE@XZ$0 67dc36e0 f   LScanDlg.obj
 0001:000426e8       __unwindfunclet$??1CLScanDlg@@UAE@XZ$1 67dc36e8 f   LScanDlg.obj
 0001:00042700       __unwindfunclet$??1CLScanDlg@@UAE@XZ$2 67dc3700 f   LScanDlg.obj
 0001:0004270e       __ehhandler$??1CLScanDlg@@UAE@XZ 67dc370e f   LScanDlg.obj
 0001:00042730       __unwindfunclet$??0CPixProDlg@@QAE@PAVCWnd@@PAVSapPixPro@@PAVSapXferNode@@@Z$0 67dc3730 f   PixProDlg.obj
 0001:00042738       __unwindfunclet$??0CPixProDlg@@QAE@PAVCWnd@@PAVSapPixPro@@PAVSapXferNode@@@Z$1 67dc3738 f   PixProDlg.obj
 0001:00042746       __unwindfunclet$??0CPixProDlg@@QAE@PAVCWnd@@PAVSapPixPro@@PAVSapXferNode@@@Z$2 67dc3746 f   PixProDlg.obj
 0001:00042754       __unwindfunclet$??0CPixProDlg@@QAE@PAVCWnd@@PAVSapPixPro@@PAVSapXferNode@@@Z$3 67dc3754 f   PixProDlg.obj
 0001:00042762       __unwindfunclet$??0CPixProDlg@@QAE@PAVCWnd@@PAVSapPixPro@@PAVSapXferNode@@@Z$4 67dc3762 f   PixProDlg.obj
 0001:00042770       __unwindfunclet$??0CPixProDlg@@QAE@PAVCWnd@@PAVSapPixPro@@PAVSapXferNode@@@Z$6 67dc3770 f   PixProDlg.obj
 0001:00042788       __unwindfunclet$??0CPixProDlg@@QAE@PAVCWnd@@PAVSapPixPro@@PAVSapXferNode@@@Z$7 67dc3788 f   PixProDlg.obj
 0001:0004279a       __unwindfunclet$??0CPixProDlg@@QAE@PAVCWnd@@PAVSapPixPro@@PAVSapXferNode@@@Z$8 67dc379a f   PixProDlg.obj
 0001:000427ac       __unwindfunclet$??0CPixProDlg@@QAE@PAVCWnd@@PAVSapPixPro@@PAVSapXferNode@@@Z$10 67dc37ac f   PixProDlg.obj
 0001:000427c1       __ehhandler$??0CPixProDlg@@QAE@PAVCWnd@@PAVSapPixPro@@PAVSapXferNode@@@Z 67dc37c1 f   PixProDlg.obj
 0001:000427e9       __unwindfunclet$?LoadSettings@CPixProDlg@@IAEXXZ$0 67dc37e9 f   PixProDlg.obj
 0001:000427fb       __unwindfunclet$?LoadSettings@CPixProDlg@@IAEXXZ$1 67dc37fb f   PixProDlg.obj
 0001:0004280d       __unwindfunclet$?LoadSettings@CPixProDlg@@IAEXXZ$2 67dc380d f   PixProDlg.obj
 0001:0004281f       __ehhandler$?LoadSettings@CPixProDlg@@IAEXXZ 67dc381f f   PixProDlg.obj
 0001:0004283a       __unwindfunclet$?SaveSettings@CPixProDlg@@IAEXXZ$0 67dc383a f   PixProDlg.obj
 0001:0004284c       __ehhandler$?SaveSettings@CPixProDlg@@IAEXXZ 67dc384c f   PixProDlg.obj
 0001:00042867       __unwindfunclet$?SetDirectories@CPixProDlg@@IAEXXZ$0 67dc3867 f   PixProDlg.obj
 0001:00042879       __ehhandler$?SetDirectories@CPixProDlg@@IAEXXZ 67dc3879 f   PixProDlg.obj
 0001:000428a1       __unwindfunclet$?OnBrowse@CPixProDlg@@IAEXXZ$0 67dc38a1 f   PixProDlg.obj
 0001:000428b3       __unwindfunclet$?OnBrowse@CPixProDlg@@IAEXXZ$1 67dc38b3 f   PixProDlg.obj
 0001:000428bb       __unwindfunclet$?OnBrowse@CPixProDlg@@IAEXXZ$2 67dc38bb f   PixProDlg.obj
 0001:000428cd       __ehhandler$?OnBrowse@CPixProDlg@@IAEXXZ 67dc38cd f   PixProDlg.obj
 0001:000428e8       __unwindfunclet$?OnOK@CPixProDlg@@MAEXXZ$0 67dc38e8 f   PixProDlg.obj
 0001:000428fd       __unwindfunclet$?OnOK@CPixProDlg@@MAEXXZ$1 67dc38fd f   PixProDlg.obj
 0001:00042912       __unwindfunclet$?OnOK@CPixProDlg@@MAEXXZ$2 67dc3912 f   PixProDlg.obj
 0001:0004291d       __unwindfunclet$?OnOK@CPixProDlg@@MAEXXZ$3 67dc391d f   PixProDlg.obj
 0001:00042928       __unwindfunclet$?OnOK@CPixProDlg@@MAEXXZ$4 67dc3928 f   PixProDlg.obj
 0001:00042933       __unwindfunclet$?OnOK@CPixProDlg@@MAEXXZ$5 67dc3933 f   PixProDlg.obj
 0001:0004293e       __unwindfunclet$?OnOK@CPixProDlg@@MAEXXZ$6 67dc393e f   PixProDlg.obj
 0001:00042949       __ehhandler$?OnOK@CPixProDlg@@MAEXXZ 67dc3949 f   PixProDlg.obj
 0001:00042971       __unwindfunclet$?FillFunctionCombo@CPixProDlg@@IAEXXZ$0 67dc3971 f   PixProDlg.obj
 0001:00042983       __unwindfunclet$?FillFunctionCombo@CPixProDlg@@IAEXXZ$1 67dc3983 f   PixProDlg.obj
 0001:00042998       __unwindfunclet$?FillFunctionCombo@CPixProDlg@@IAEXXZ$2 67dc3998 f   PixProDlg.obj
 0001:000429ad       __unwindfunclet$?FillFunctionCombo@CPixProDlg@@IAEXXZ$3 67dc39ad f   PixProDlg.obj
 0001:000429c2       __ehhandler$?FillFunctionCombo@CPixProDlg@@IAEXXZ 67dc39c2 f   PixProDlg.obj
 0001:000429f0       __unwindfunclet$??1CPixProWAvgDlg@@UAE@XZ$0 67dc39f0 f   PixProDlg.obj
 0001:000429f8       __ehhandler$??1CPixProWAvgDlg@@UAE@XZ 67dc39f8 f   PixProDlg.obj
 0001:00042a20       __unwindfunclet$??1CPixProIntScaleDlg@@UAE@XZ$0 67dc3a20 f   PixProDlg.obj
 0001:00042a28       __ehhandler$??1CPixProIntScaleDlg@@UAE@XZ 67dc3a28 f   PixProDlg.obj
 0001:00042a50       __unwindfunclet$??1CPixProDlg@@UAE@XZ$0 67dc3a50 f   PixProDlg.obj
 0001:00042a58       __unwindfunclet$??1CPixProDlg@@UAE@XZ$1 67dc3a58 f   PixProDlg.obj
 0001:00042a66       __unwindfunclet$??1CPixProDlg@@UAE@XZ$2 67dc3a66 f   PixProDlg.obj
 0001:00042a74       __unwindfunclet$??1CPixProDlg@@UAE@XZ$3 67dc3a74 f   PixProDlg.obj
 0001:00042a82       __unwindfunclet$??1CPixProDlg@@UAE@XZ$4 67dc3a82 f   PixProDlg.obj
 0001:00042a90       __ehhandler$??1CPixProDlg@@UAE@XZ 67dc3a90 f   PixProDlg.obj
 0001:00042ab0       __unwindfunclet$??0CPixProIntScaleDlg@@QAE@PAVCWnd@@PAUCORPPL_FCT_PROP@@PAVSapPixProParams@@@Z$0 67dc3ab0 f   PixProIntScaleDlg.obj
 0001:00042ab8       __ehhandler$??0CPixProIntScaleDlg@@QAE@PAVCWnd@@PAUCORPPL_FCT_PROP@@PAVSapPixProParams@@@Z 67dc3ab8 f   PixProIntScaleDlg.obj
 0001:00042ae0       __unwindfunclet$??0CPixProWAvgDlg@@QAE@PAVCWnd@@PAUCORPPL_FCT_PROP@@PAVSapPixProParams@@@Z$0 67dc3ae0 f   PixProWAvgDlg.obj
 0001:00042ae8       __ehhandler$??0CPixProWAvgDlg@@QAE@PAVCWnd@@PAUCORPPL_FCT_PROP@@PAVSapPixProParams@@@Z 67dc3ae8 f   PixProWAvgDlg.obj
 0001:00042b10       __unwindfunclet$??0CRawFileDlg@@QAE@PAVCWnd@@HHHH@Z$0 67dc3b10 f   RawFileDlg.obj
 0001:00042b18       __unwindfunclet$??0CRawFileDlg@@QAE@PAVCWnd@@HHHH@Z$1 67dc3b18 f   RawFileDlg.obj
 0001:00042b26       __ehhandler$??0CRawFileDlg@@QAE@PAVCWnd@@HHHH@Z 67dc3b26 f   RawFileDlg.obj
 0001:00042b41       __unwindfunclet$?OnInitDialog@CRawFileDlg@@MAEHXZ$0 67dc3b41 f   RawFileDlg.obj
 0001:00042b53       __ehhandler$?OnInitDialog@CRawFileDlg@@MAEHXZ 67dc3b53 f   RawFileDlg.obj
 0001:00042b70       __unwindfunclet$?SapClassGuiInitModule@@YAXXZ$0 67dc3b70 f   SapClassGui.obj
 0001:00042b81       __ehhandler$?SapClassGuiInitModule@@YAXXZ 67dc3b81 f   SapClassGui.obj
 0001:00042ba0       __unwindfunclet$??1CViewDlg@@UAE@XZ$0 67dc3ba0 f   SapClassGui.obj
 0001:00042ba8       __unwindfunclet$??1CViewDlg@@UAE@XZ$1 67dc3ba8 f   SapClassGui.obj
 0001:00042bb6       __unwindfunclet$??1CViewDlg@@UAE@XZ$2 67dc3bb6 f   SapClassGui.obj
 0001:00042bc4       __unwindfunclet$??1CViewDlg@@UAE@XZ$3 67dc3bc4 f   SapClassGui.obj
 0001:00042bd2       __unwindfunclet$??1CViewDlg@@UAE@XZ$4 67dc3bd2 f   SapClassGui.obj
 0001:00042be0       __ehhandler$??1CViewDlg@@UAE@XZ 67dc3be0 f   SapClassGui.obj
 0001:00042c00       __unwindfunclet$??0CTiffFileDlg@@QAE@PAVCWnd@@HH@Z$0 67dc3c00 f   TiffFileDlg.obj
 0001:00042c08       __ehhandler$??0CTiffFileDlg@@QAE@PAVCWnd@@HH@Z 67dc3c08 f   TiffFileDlg.obj
 0001:00042c30       __unwindfunclet$??0CViewDlg@@QAE@PAVCWnd@@PAVSapView@@@Z$0 67dc3c30 f   ViewDlg.obj
 0001:00042c38       __unwindfunclet$??0CViewDlg@@QAE@PAVCWnd@@PAVSapView@@@Z$1 67dc3c38 f   ViewDlg.obj
 0001:00042c46       __unwindfunclet$??0CViewDlg@@QAE@PAVCWnd@@PAVSapView@@@Z$2 67dc3c46 f   ViewDlg.obj
 0001:00042c54       __unwindfunclet$??0CViewDlg@@QAE@PAVCWnd@@PAVSapView@@@Z$3 67dc3c54 f   ViewDlg.obj
 0001:00042c62       __unwindfunclet$??0CViewDlg@@QAE@PAVCWnd@@PAVSapView@@@Z$4 67dc3c62 f   ViewDlg.obj
 0001:00042c70       __unwindfunclet$??0CViewDlg@@QAE@PAVCWnd@@PAVSapView@@@Z$5 67dc3c70 f   ViewDlg.obj
 0001:00042c7e       __unwindfunclet$??0CViewDlg@@QAE@PAVCWnd@@PAVSapView@@@Z$6 67dc3c7e f   ViewDlg.obj
 0001:00042c90       __ehhandler$??0CViewDlg@@QAE@PAVCWnd@@PAVSapView@@@Z 67dc3c90 f   ViewDlg.obj
 0001:00042cab       __unwindfunclet$?OnInitDialog@CViewDlg@@MAEHXZ$0 67dc3cab f   ViewDlg.obj
 0001:00042cc0       __unwindfunclet$?OnInitDialog@CViewDlg@@MAEHXZ$1 67dc3cc0 f   ViewDlg.obj
 0001:00042cd5       __unwindfunclet$?OnInitDialog@CViewDlg@@MAEHXZ$2 67dc3cd5 f   ViewDlg.obj
 0001:00042cea       __ehhandler$?OnInitDialog@CViewDlg@@MAEHXZ 67dc3cea f   ViewDlg.obj
 0001:00042d20       ??__E?m_Methods@CColorConversionOptionsDlg@@0PAUSapColorConversionMethodDictionary@@A@@YAXXZ 67dc3d20 f   ColorConversionDlg.obj
 0001:00042eb0       ??__Eclash@Inconsistent_definition_of_symbol__ATL_MIXED@@YAXXZ 67dc3eb0 f   SapClassGui.obj
 0001:00042ed0       ??__Eclash@Define_the_symbol__ATL_MIXED@@YAXXZ 67dc3ed0 f   SapClassGui.obj
 0001:00042ef0       ??__Eclash@Inconsistent_definition_of_symbol__ATL_MIXED@@YAXXZ 67dc3ef0 f   mfcs100d:nolib.obj
 0001:00042f00       ??__Eclash@Define_the_symbol__ATL_MIXED@@YAXXZ 67dc3f00 f   mfcs100d:nolib.obj
 0001:00042f20       ??__Eclash@Inconsistent_definition_of_symbol__ATL_MIXED@@YAXXZ 67dc3f20 f   mfcs100d:stdafx.obj
 0001:00042f30       ??__Eclash@Define_the_symbol__ATL_MIXED@@YAXXZ 67dc3f30 f   mfcs100d:stdafx.obj
 0001:00042f50       ??__Eg_Allocator@@YAXXZ    67dc3f50 f   atlsd:Externs.obj
 0001:00042f70       ??__Eg_bInitialized@@YAXXZ 67dc3f70 f   atlsd:Externs.obj
 0001:00042f90       ??__E?s_trace@CTrace@ATL@@2V12@A@@YAXXZ 67dc3f90 f   atlsd:Externs.obj
 0001:00042fc0       ??__EatlTraceGeneral@ATL@@YAXXZ 67dc3fc0 f   atlsd:atltrace.obj
 0001:00042fe0       ??__EatlTraceCOM@ATL@@YAXXZ 67dc3fe0 f   atlsd:atltrace.obj
 0001:00043000       ??__EatlTraceQI@ATL@@YAXXZ 67dc4000 f   atlsd:atltrace.obj
 0001:00043020       ??__EatlTraceRegistrar@ATL@@YAXXZ 67dc4020 f   atlsd:atltrace.obj
 0001:00043040       ??__EatlTraceRefcount@ATL@@YAXXZ 67dc4040 f   atlsd:atltrace.obj
 0001:00043060       ??__EatlTraceWindowing@ATL@@YAXXZ 67dc4060 f   atlsd:atltrace.obj
 0001:00043080       ??__EatlTraceControls@ATL@@YAXXZ 67dc4080 f   atlsd:atltrace.obj
 0001:000430a0       ??__EatlTraceHosting@ATL@@YAXXZ 67dc40a0 f   atlsd:atltrace.obj
 0001:000430c0       ??__EatlTraceDBClient@ATL@@YAXXZ 67dc40c0 f   atlsd:atltrace.obj
 0001:000430e0       ??__EatlTraceDBProvider@ATL@@YAXXZ 67dc40e0 f   atlsd:atltrace.obj
 0001:00043100       ??__EatlTraceSnapin@ATL@@YAXXZ 67dc4100 f   atlsd:atltrace.obj
 0001:00043120       ??__EatlTraceNotImpl@ATL@@YAXXZ 67dc4120 f   atlsd:atltrace.obj
 0001:00043140       ??__EatlTraceAllocation@ATL@@YAXXZ 67dc4140 f   atlsd:atltrace.obj
 0001:00043160       ??__EatlTraceException@ATL@@YAXXZ 67dc4160 f   atlsd:atltrace.obj
 0001:00043180       ??__EatlTraceTime@ATL@@YAXXZ 67dc4180 f   atlsd:atltrace.obj
 0001:000431a0       ??__EatlTraceCache@ATL@@YAXXZ 67dc41a0 f   atlsd:atltrace.obj
 0001:000431c0       ??__EatlTraceStencil@ATL@@YAXXZ 67dc41c0 f   atlsd:atltrace.obj
 0001:000431e0       ??__EatlTraceString@ATL@@YAXXZ 67dc41e0 f   atlsd:atltrace.obj
 0001:00043200       ??__EatlTraceMap@ATL@@YAXXZ 67dc4200 f   atlsd:atltrace.obj
 0001:00043220       ??__EatlTraceUtil@ATL@@YAXXZ 67dc4220 f   atlsd:atltrace.obj
 0001:00043240       ??__EatlTraceSecurity@ATL@@YAXXZ 67dc4240 f   atlsd:atltrace.obj
 0001:00043260       ??__EatlTraceSync@ATL@@YAXXZ 67dc4260 f   atlsd:atltrace.obj
 0001:00043280       ??__EatlTraceISAPI@ATL@@YAXXZ 67dc4280 f   atlsd:atltrace.obj
 0001:000432a0       ??__EatlTraceUser@ATL@@YAXXZ 67dc42a0 f   atlsd:atltrace.obj
 0001:000432c0       ??__EatlTraceUser2@ATL@@YAXXZ 67dc42c0 f   atlsd:atltrace.obj
 0001:000432e0       ??__EatlTraceUser3@ATL@@YAXXZ 67dc42e0 f   atlsd:atltrace.obj
 0001:00043300       ??__EatlTraceUser4@ATL@@YAXXZ 67dc4300 f   atlsd:atltrace.obj
 0001:00043320       ??__F?m_Methods@CColorConversionOptionsDlg@@0PAUSapColorConversionMethodDictionary@@A@@YAXXZ 67dc4320 f   ColorConversionDlg.obj
 0001:00043340       ??__Fg_Allocator@@YAXXZ    67dc4340 f   atlsd:Externs.obj
 0001:00043360       ??__F?s_trace@CTrace@ATL@@2V12@A@@YAXXZ 67dc4360 f   atlsd:Externs.obj
